{"step": 0, "validation": {"lossSum": 1734221.4661865234, "tokens": 203967, "utf8Bytes": 601363, "tokenLoss": 8.502461016667027, "tokenPerplexity": 4926.879063948583, "nllPerUtf8Byte": 2.8838180370034796, "sites": {"aozora": {"lossSum": 1198578.6430664062, "tokens": 140962, "utf8Bytes": 420205, "tokenLoss": 8.50284930028239, "tokenPerplexity": 4928.792461810472, "nllPerUtf8Byte": 2.852366447487313}, "env": {"lossSum": 312784.09411621094, "tokens": 36784, "utf8Bytes": 107177, "tokenLoss": 8.503264846569458, "tokenPerplexity": 4930.841028825433, "nllPerUtf8Byte": 2.918388218705608}, "jma": {"lossSum": 69577.60302734375, "tokens": 8180, "utf8Bytes": 23951, "tokenLoss": 8.505819440995568, "tokenPerplexity": 4943.453430760552, "nllPerUtf8Byte": 2.904997830042326}, "mic": {"lossSum": 153281.1259765625, "tokens": 18041, "utf8Bytes": 50030, "tokenLoss": 8.49626550504753, "tokenPerplexity": 4896.44889004488, "nllPerUtf8Byte": 3.063784248981861}}}, "elapsedSeconds": 15.93}
{"event": "updates", "step": 100, "trainingLoss": 6.131629943847656, "elapsedSeconds": 93.65}
{"event": "updates", "step": 200, "trainingLoss": 5.066912651062012, "elapsedSeconds": 114.47}
{"event": "updates", "step": 300, "trainingLoss": 4.769942283630371, "elapsedSeconds": 135.68}
{"event": "updates", "step": 400, "trainingLoss": 4.167059421539307, "elapsedSeconds": 155.09}
{"event": "updates", "step": 500, "trainingLoss": 4.535848617553711, "elapsedSeconds": 176.73}
{"event": "updates", "step": 600, "trainingLoss": 4.0876946449279785, "elapsedSeconds": 198.08}
{"event": "updates", "step": 700, "trainingLoss": 3.534364700317383, "elapsedSeconds": 218.85}
{"event": "updates", "step": 800, "trainingLoss": 4.021721839904785, "elapsedSeconds": 240.24}
{"event": "updates", "step": 900, "trainingLoss": 3.969367504119873, "elapsedSeconds": 260.7}
{"step": 1000, "trainingLoss": 3.8729653358459473, "validation": {"lossSum": 841382.9462280273, "tokens": 203967, "utf8Bytes": 601363, "tokenLoss": 4.1250935015371475, "tokenPerplexity": 61.873594256081994, "nllPerUtf8Byte": 1.3991265612085002, "sites": {"aozora": {"lossSum": 604754.9471435547, "tokens": 140962, "utf8Bytes": 420205, "tokenLoss": 4.290198402005893, "tokenPerplexity": 72.98094662954355, "nllPerUtf8Byte": 1.439190269376982}, "env": {"lossSum": 137179.64532470703, "tokens": 36784, "utf8Bytes": 107177, "tokenLoss": 3.729329200867416, "tokenPerplexity": 41.651159229534514, "nllPerUtf8Byte": 1.2799354835898282}, "jma": {"lossSum": 30086.840087890625, "tokens": 8180, "utf8Bytes": 23951, "tokenLoss": 3.6780978102555775, "tokenPerplexity": 39.571050789692464, "nllPerUtf8Byte": 1.2561830440436985}, "mic": {"lossSum": 69361.513671875, "tokens": 18041, "utf8Bytes": 50030, "tokenLoss": 3.844660144774403, "tokenPerplexity": 46.74279586773842, "nllPerUtf8Byte": 1.3863984343768738}}}, "seenTargetTokens": 1548200, "seenTargetUtf8Bytes": 4495768, "elapsedSeconds": 297.16, "learningRate": 0.0004938251362030361}
{"event": "updates", "step": 1100, "trainingLoss": 4.109722137451172, "elapsedSeconds": 318.92}
{"event": "updates", "step": 1200, "trainingLoss": 3.5705323219299316, "elapsedSeconds": 340.21}
{"event": "updates", "step": 1300, "trainingLoss": 3.160865306854248, "elapsedSeconds": 361.31}
{"event": "updates", "step": 1400, "trainingLoss": 3.8732757568359375, "elapsedSeconds": 383.24}
{"event": "updates", "step": 1500, "trainingLoss": 3.7339162826538086, "elapsedSeconds": 405.23}
{"event": "updates", "step": 1600, "trainingLoss": 3.78300404548645, "elapsedSeconds": 427.03}
{"event": "updates", "step": 1700, "trainingLoss": 3.3100521564483643, "elapsedSeconds": 448.87}
{"event": "updates", "step": 1800, "trainingLoss": 3.690514326095581, "elapsedSeconds": 469.71}
{"event": "updates", "step": 1900, "trainingLoss": 2.9961798191070557, "elapsedSeconds": 490.22}
{"step": 2000, "trainingLoss": 3.4506990909576416, "validation": {"lossSum": 797501.4052734375, "tokens": 203967, "utf8Bytes": 601363, "tokenLoss": 3.909953106499765, "tokenPerplexity": 49.89661209175481, "nllPerUtf8Byte": 1.3261564234471317, "sites": {"aozora": {"lossSum": 584191.2224121094, "tokens": 140962, "utf8Bytes": 420205, "tokenLoss": 4.144317067096873, "tokenPerplexity": 63.0745315165769, "nllPerUtf8Byte": 1.3902529061103732}, "env": {"lossSum": 123621.41333007812, "tokens": 36784, "utf8Bytes": 107177, "tokenLoss": 3.360738726894251, "tokenPerplexity": 28.810466086125132, "nllPerUtf8Byte": 1.1534322973219826}, "jma": {"lossSum": 27603.7216796875, "tokens": 8180, "utf8Bytes": 23951, "tokenLoss": 3.3745381026512837, "tokenPerplexity": 29.210788279046533, "nllPerUtf8Byte": 1.1525081073728654}, "mic": {"lossSum": 62085.0478515625, "tokens": 18041, "utf8Bytes": 50030, "tokenLoss": 3.4413307384048832, "tokenPerplexity": 31.228487477470267, "nllPerUtf8Byte": 1.2409563832013293}}}, "seenTargetTokens": 3075714, "seenTargetUtf8Bytes": 8926329, "elapsedSeconds": 526.19, "learningRate": 0.0004671028931780564}
{"event": "updates", "step": 2100, "trainingLoss": 3.6687023639678955, "elapsedSeconds": 548.96}
{"event": "updates", "step": 2200, "trainingLoss": 3.2123992443084717, "elapsedSeconds": 583.68}
{"event": "updates", "step": 2300, "trainingLoss": 3.447690010070801, "elapsedSeconds": 606.03}
{"event": "updates", "step": 2400, "trainingLoss": 3.4891700744628906, "elapsedSeconds": 627.65}
{"event": "updates", "step": 2500, "trainingLoss": 3.6252188682556152, "elapsedSeconds": 648.4}
{"event": "updates", "step": 2600, "trainingLoss": 3.030129909515381, "elapsedSeconds": 670.21}
{"event": "updates", "step": 2700, "trainingLoss": 3.2809267044067383, "elapsedSeconds": 690.59}
{"event": "updates", "step": 2800, "trainingLoss": 2.277498960494995, "elapsedSeconds": 713.1}
{"event": "updates", "step": 2900, "trainingLoss": 2.898728847503662, "elapsedSeconds": 735.21}
{"step": 3000, "trainingLoss": 3.022773027420044, "validation": {"lossSum": 763359.6169128418, "tokens": 203967, "utf8Bytes": 601363, "tokenLoss": 3.742564321252172, "tokenPerplexity": 42.206081467030515, "nllPerUtf8Byte": 1.2693824144698655, "sites": {"aozora": {"lossSum": 565624.8060302734, "tokens": 140962, "utf8Bytes": 420205, "tokenLoss": 4.0126048582616125, "tokenPerplexity": 55.29070760106971, "nllPerUtf8Byte": 1.3460687189116585}, "env": {"lossSum": 114637.52279663086, "tokens": 36784, "utf8Bytes": 107177, "tokenLoss": 3.116505078203318, "tokenPerplexity": 22.567370463218424, "nllPerUtf8Byte": 1.0696093639179196}, "jma": {"lossSum": 25660.733154296875, "tokens": 8180, "utf8Bytes": 23951, "tokenLoss": 3.1370089430680776, "tokenPerplexity": 23.03486512310322, "nllPerUtf8Byte": 1.07138462503849}, "mic": {"lossSum": 57436.554931640625, "tokens": 18041, "utf8Bytes": 50030, "tokenLoss": 3.183668030133619, "tokenPerplexity": 24.13511973454277, "nllPerUtf8Byte": 1.148042273268851}}}, "seenTargetTokens": 4642883, "seenTargetUtf8Bytes": 13478002, "elapsedSeconds": 775.65, "learningRate": 0.0004218946423140177}
{"event": "updates", "step": 3100, "trainingLoss": 3.475996732711792, "elapsedSeconds": 797.04}
{"event": "updates", "step": 3200, "trainingLoss": 3.209515333175659, "elapsedSeconds": 817.99}
{"event": "updates", "step": 3300, "trainingLoss": 3.0426125526428223, "elapsedSeconds": 839.44}
{"event": "updates", "step": 3400, "trainingLoss": 3.16974139213562, "elapsedSeconds": 861.38}
{"event": "updates", "step": 3500, "trainingLoss": 2.921312093734741, "elapsedSeconds": 881.18}
{"event": "updates", "step": 3600, "trainingLoss": 3.3810744285583496, "elapsedSeconds": 901.84}
{"event": "updates", "step": 3700, "trainingLoss": 3.221879005432129, "elapsedSeconds": 924.24}
{"event": "updates", "step": 3800, "trainingLoss": 2.7316408157348633, "elapsedSeconds": 945.24}
{"event": "updates", "step": 3900, "trainingLoss": 3.384598970413208, "elapsedSeconds": 965.11}
{"step": 4000, "trainingLoss": 2.941214084625244, "validation": {"lossSum": 738840.0016784668, "tokens": 203967, "utf8Bytes": 601363, "tokenLoss": 3.6223506826029053, "tokenPerplexity": 37.42543983230772, "nllPerUtf8Byte": 1.2286090126570255, "sites": {"aozora": {"lossSum": 552276.2171630859, "tokens": 140962, "utf8Bytes": 420205, "tokenLoss": 3.917908494226004, "tokenPerplexity": 50.29514211574961, "nllPerUtf8Byte": 1.3143018697137967}, "env": {"lossSum": 107038.19515991211, "tokens": 36784, "utf8Bytes": 107177, "tokenLoss": 2.9099117866439785, "tokenPerplexity": 18.355179323631013, "nllPerUtf8Byte": 0.9987049008641044}, "jma": {"lossSum": 24630.03759765625, "tokens": 8180, "utf8Bytes": 23951, "tokenLoss": 3.0110070412782703, "tokenPerplexity": 20.30784046490057, "nllPerUtf8Byte": 1.0283511167657404}, "mic": {"lossSum": 54895.5517578125, "tokens": 18041, "utf8Bytes": 50030, "tokenLoss": 3.0428220030936477, "tokenPerplexity": 20.964321216091605, "nllPerUtf8Byte": 1.0972526835461223}}}, "seenTargetTokens": 6212366, "seenTargetUtf8Bytes": 18041216, "elapsedSeconds": 1000.4, "learningRate": 0.0003628535384965388}
{"event": "updates", "step": 4100, "trainingLoss": 2.3462347984313965, "elapsedSeconds": 1022.99}
{"event": "updates", "step": 4200, "trainingLoss": 2.9390509128570557, "elapsedSeconds": 1044.71}
{"event": "updates", "step": 4300, "trainingLoss": 2.7947189807891846, "elapsedSeconds": 1064.86}
{"event": "updates", "step": 4400, "trainingLoss": 2.780113935470581, "elapsedSeconds": 1086.26}
{"event": "updates", "step": 4500, "trainingLoss": 3.051013708114624, "elapsedSeconds": 1107.61}
{"event": "updates", "step": 4600, "trainingLoss": 3.091433048248291, "elapsedSeconds": 1128.2}
{"event": "updates", "step": 4700, "trainingLoss": 3.1872811317443848, "elapsedSeconds": 1149.2}
{"event": "updates", "step": 4800, "trainingLoss": 3.260847806930542, "elapsedSeconds": 1168.16}
{"event": "updates", "step": 4900, "trainingLoss": 2.4946091175079346, "elapsedSeconds": 1188.7}
{"step": 5000, "trainingLoss": 2.9847726821899414, "validation": {"lossSum": 723666.2159423828, "tokens": 203967, "utf8Bytes": 601363, "tokenLoss": 3.5479573457587885, "tokenPerplexity": 34.742278495734816, "nllPerUtf8Byte": 1.2033766891916908, "sites": {"aozora": {"lossSum": 542583.7954711914, "tokens": 140962, "utf8Bytes": 420205, "tokenLoss": 3.84914938402684, "tokenPerplexity": 46.9531071774049, "nllPerUtf8Byte": 1.2912359335828736}, "env": {"lossSum": 104083.36895751953, "tokens": 36784, "utf8Bytes": 107177, "tokenLoss": 2.8295826706589695, "tokenPerplexity": 16.938390461979143, "nllPerUtf8Byte": 0.9711353084852117}, "jma": {"lossSum": 24225.1162109375, "tokens": 8180, "utf8Bytes": 23951, "tokenLoss": 2.961505649258863, "tokenPerplexity": 19.32704961741136, "nllPerUtf8Byte": 1.0114448754096905}, "mic": {"lossSum": 52773.935302734375, "tokens": 18041, "utf8Bytes": 50030, "tokenLoss": 2.9252222882730656, "tokenPerplexity": 18.638368680239562, "nllPerUtf8Byte": 1.0548457985755422}}}, "seenTargetTokens": 7769482, "seenTargetUtf8Bytes": 22560553, "elapsedSeconds": 1225.38, "learningRate": 0.0002960565122732507}
{"event": "updates", "step": 5100, "trainingLoss": 2.7742743492126465, "elapsedSeconds": 1244.6}
{"event": "updates", "step": 5200, "trainingLoss": 2.7308349609375, "elapsedSeconds": 1265.52}
{"event": "updates", "step": 5300, "trainingLoss": 2.1026523113250732, "elapsedSeconds": 1287.18}
{"event": "updates", "step": 5400, "trainingLoss": 3.0544302463531494, "elapsedSeconds": 1308.66}
{"event": "updates", "step": 5500, "trainingLoss": 1.6291083097457886, "elapsedSeconds": 1329.38}
{"event": "updates", "step": 5600, "trainingLoss": 3.111741065979004, "elapsedSeconds": 1349.97}
{"event": "updates", "step": 5700, "trainingLoss": 2.80914568901062, "elapsedSeconds": 1370.7}
{"event": "updates", "step": 5800, "trainingLoss": 2.1680092811584473, "elapsedSeconds": 1390.9}
{"event": "updates", "step": 5900, "trainingLoss": 2.065389633178711, "elapsedSeconds": 1411.81}
{"step": 6000, "trainingLoss": 3.023362159729004, "validation": {"lossSum": 706732.1905822754, "tokens": 203967, "utf8Bytes": 601363, "tokenLoss": 3.464933987273801, "tokenPerplexity": 31.974348989516784, "nllPerUtf8Byte": 1.1752172823773253, "sites": {"aozora": {"lossSum": 530467.854309082, "tokens": 140962, "utf8Bytes": 420205, "tokenLoss": 3.7631975589810165, "tokenPerplexity": 43.08597589876606, "nllPerUtf8Byte": 1.2624025280733975}, "env": {"lossSum": 101796.61166381836, "tokens": 36784, "utf8Bytes": 107177, "tokenLoss": 2.7674154976027174, "tokenPerplexity": 15.917442135116735, "nllPerUtf8Byte": 0.9497990395683622}, "jma": {"lossSum": 23768.656005859375, "tokens": 8180, "utf8Bytes": 23951, "tokenLoss": 2.9057036681979675, "tokenPerplexity": 18.278100846364172, "nllPerUtf8Byte": 0.9923867899402686}, "mic": {"lossSum": 50699.068603515625, "tokens": 18041, "utf8Bytes": 50030, "tokenLoss": 2.8102138796915708, "tokenPerplexity": 16.613471122905825, "nllPerUtf8Byte": 1.0133733480614757}}}, "seenTargetTokens": 9319315, "seenTargetUtf8Bytes": 27053242, "elapsedSeconds": 1448.54, "learningRate": 0.00022837878891775383}
{"event": "updates", "step": 6100, "trainingLoss": 2.926663637161255, "elapsedSeconds": 1469.66}
{"event": "updates", "step": 6200, "trainingLoss": 3.07399320602417, "elapsedSeconds": 1489.34}
{"event": "updates", "step": 6300, "trainingLoss": 2.3678178787231445, "elapsedSeconds": 1509.69}
{"event": "updates", "step": 6400, "trainingLoss": 3.1119425296783447, "elapsedSeconds": 1530.19}
{"event": "updates", "step": 6500, "trainingLoss": 2.807196855545044, "elapsedSeconds": 1550.64}
{"event": "updates", "step": 6600, "trainingLoss": 3.222045421600342, "elapsedSeconds": 1572.24}
{"event": "updates", "step": 6700, "trainingLoss": 2.6692276000976562, "elapsedSeconds": 1592.71}
{"event": "updates", "step": 6800, "trainingLoss": 2.576927900314331, "elapsedSeconds": 1613.91}
{"event": "updates", "step": 6900, "trainingLoss": 2.1715495586395264, "elapsedSeconds": 1634.79}
{"step": 7000, "trainingLoss": 3.1207125186920166, "validation": {"lossSum": 696516.2345275879, "tokens": 203967, "utf8Bytes": 601363, "tokenLoss": 3.4148476691209257, "tokenPerplexity": 30.41231633981026, "nllPerUtf8Byte": 1.1582292800315082, "sites": {"aozora": {"lossSum": 523843.65869140625, "tokens": 140962, "utf8Bytes": 420205, "tokenLoss": 3.7162047834977248, "tokenPerplexity": 41.1080836028592, "nllPerUtf8Byte": 1.2466383281765}, "env": {"lossSum": 99221.86099243164, "tokens": 36784, "utf8Bytes": 107177, "tokenLoss": 2.697419013495858, "tokenPerplexity": 14.841376856096742, "nllPerUtf8Byte": 0.9257756887432158}, "jma": {"lossSum": 23571.885498046875, "tokens": 8180, "utf8Bytes": 23951, "tokenLoss": 2.881648593893261, "tokenPerplexity": 17.843665903264238, "nllPerUtf8Byte": 0.9841712453779331}, "mic": {"lossSum": 49878.829345703125, "tokens": 18041, "utf8Bytes": 50030, "tokenLoss": 2.764748591857609, "tokenPerplexity": 15.8750483724505, "nllPerUtf8Byte": 0.996978399874138}}}, "seenTargetTokens": 10874285, "seenTargetUtf8Bytes": 31571805, "elapsedSeconds": 1670.75, "learningRate": 0.0001667862413196294}
{"event": "updates", "step": 7100, "trainingLoss": 2.6545000076293945, "elapsedSeconds": 1691.95}
{"event": "updates", "step": 7200, "trainingLoss": 2.322608709335327, "elapsedSeconds": 1713.39}
{"event": "updates", "step": 7300, "trainingLoss": 2.187164306640625, "elapsedSeconds": 1733.37}
{"event": "updates", "step": 7400, "trainingLoss": 2.5615601539611816, "elapsedSeconds": 1754.68}
{"event": "updates", "step": 7500, "trainingLoss": 3.024339437484741, "elapsedSeconds": 1776.53}
{"event": "updates", "step": 7600, "trainingLoss": 1.8772282600402832, "elapsedSeconds": 1797.29}
{"event": "updates", "step": 7700, "trainingLoss": 2.4981038570404053, "elapsedSeconds": 1818.26}
{"event": "updates", "step": 7800, "trainingLoss": 3.2714121341705322, "elapsedSeconds": 1839.33}
{"event": "updates", "step": 7900, "trainingLoss": 2.9205644130706787, "elapsedSeconds": 1862.51}
{"step": 8000, "trainingLoss": 2.441262722015381, "validation": {"lossSum": 689780.5929870605, "tokens": 203967, "utf8Bytes": 601363, "tokenLoss": 3.381824476445016, "tokenPerplexity": 29.42440630655293, "nllPerUtf8Byte": 1.1470286548840891, "sites": {"aozora": {"lossSum": 520552.798828125, "tokens": 140962, "utf8Bytes": 420205, "tokenLoss": 3.6928590600880025, "tokenPerplexity": 40.15950140482898, "nllPerUtf8Byte": 1.238806770095846}, "env": {"lossSum": 97088.83639526367, "tokens": 36784, "utf8Bytes": 107177, "tokenLoss": 2.6394311764697607, "tokenPerplexity": 14.00523483441525, "nllPerUtf8Byte": 0.9058738012377998}, "jma": {"lossSum": 23421.614013671875, "tokens": 8180, "utf8Bytes": 23951, "tokenLoss": 2.863277996781403, "tokenPerplexity": 17.518859682617023, "nllPerUtf8Byte": 0.9778971238642176}, "mic": {"lossSum": 48717.34375, "tokens": 18041, "utf8Bytes": 50030, "tokenLoss": 2.7003682584113964, "tokenPerplexity": 14.885212320315588, "nllPerUtf8Byte": 0.9737626174295423}}}, "seenTargetTokens": 12403066, "seenTargetUtf8Bytes": 36009735, "elapsedSeconds": 1898.29, "learningRate": 0.00011761841277675604}
{"event": "updates", "step": 8100, "trainingLoss": 2.9696719646453857, "elapsedSeconds": 1919.56}
{"event": "updates", "step": 8200, "trainingLoss": 2.5482070446014404, "elapsedSeconds": 1940.68}
{"event": "updates", "step": 8300, "trainingLoss": 2.2685914039611816, "elapsedSeconds": 1961.86}
{"event": "updates", "step": 8400, "trainingLoss": 2.1349520683288574, "elapsedSeconds": 1983.76}
{"event": "updates", "step": 8500, "trainingLoss": 2.6246705055236816, "elapsedSeconds": 2005.66}
{"event": "updates", "step": 8600, "trainingLoss": 2.815476417541504, "elapsedSeconds": 2025.85}
{"event": "updates", "step": 8700, "trainingLoss": 2.628892421722412, "elapsedSeconds": 2047.16}
{"event": "updates", "step": 8800, "trainingLoss": 2.616454601287842, "elapsedSeconds": 2069.97}
{"event": "updates", "step": 8900, "trainingLoss": 2.9339537620544434, "elapsedSeconds": 2090.25}
{"step": 9000, "trainingLoss": 2.1840977668762207, "validation": {"lossSum": 686003.2757873535, "tokens": 203967, "utf8Bytes": 601363, "tokenLoss": 3.36330521990005, "tokenPerplexity": 28.884502912688415, "nllPerUtf8Byte": 1.1407473951462819, "sites": {"aozora": {"lossSum": 518165.17541503906, "tokens": 140962, "utf8Bytes": 420205, "tokenLoss": 3.675920995836034, "tokenPerplexity": 39.48500564187346, "nllPerUtf8Byte": 1.233124725824393}, "env": {"lossSum": 96148.8821105957, "tokens": 36784, "utf8Bytes": 107177, "tokenLoss": 2.6138778303228496, "tokenPerplexity": 13.651888044207626, "nllPerUtf8Byte": 0.8971036893232289}, "jma": {"lossSum": 23349.7001953125, "tokens": 8180, "utf8Bytes": 23951, "tokenLoss": 2.8544865764440708, "tokenPerplexity": 17.365519051914358, "nllPerUtf8Byte": 0.9748945845815414}, "mic": {"lossSum": 48339.51806640625, "tokens": 18041, "utf8Bytes": 50030, "tokenLoss": 2.6794256452749985, "tokenPerplexity": 14.576718683860925, "nllPerUtf8Byte": 0.9662106349471568}}}, "seenTargetTokens": 13932146, "seenTargetUtf8Bytes": 40440655, "elapsedSeconds": 2126.13, "learningRate": 8.59360060862316e-05}
{"event": "updates", "step": 9100, "trainingLoss": 2.7362263202667236, "elapsedSeconds": 2148.58}
{"event": "updates", "step": 9200, "trainingLoss": 2.437250852584839, "elapsedSeconds": 2170.23}
{"event": "updates", "step": 9300, "trainingLoss": 2.540032386779785, "elapsedSeconds": 2192.67}
{"event": "updates", "step": 9400, "trainingLoss": 2.327549695968628, "elapsedSeconds": 2214.56}
{"event": "updates", "step": 9500, "trainingLoss": 1.5338349342346191, "elapsedSeconds": 2236.43}
{"event": "updates", "step": 9600, "trainingLoss": 2.125582695007324, "elapsedSeconds": 2257.6}
{"event": "updates", "step": 9700, "trainingLoss": 2.262967109680176, "elapsedSeconds": 2279.0}
{"event": "updates", "step": 9800, "trainingLoss": 2.795363426208496, "elapsedSeconds": 2300.3}
{"event": "updates", "step": 9900, "trainingLoss": 2.3346028327941895, "elapsedSeconds": 2321.62}
{"step": 10000, "trainingLoss": 2.6949164867401123, "validation": {"lossSum": 683875.3565673828, "tokens": 203967, "utf8Bytes": 601363, "tokenLoss": 3.3528725556947094, "tokenPerplexity": 28.58472704253152, "nllPerUtf8Byte": 1.1372089013913107, "sites": {"aozora": {"lossSum": 517313.4229736328, "tokens": 140962, "utf8Bytes": 420205, "tokenLoss": 3.669878569924042, "tokenPerplexity": 39.24713978777252, "nllPerUtf8Byte": 1.231097733186499}, "env": {"lossSum": 95183.10205078125, "tokens": 36784, "utf8Bytes": 107177, "tokenLoss": 2.5876223915501644, "tokenPerplexity": 13.298116272500863, "nllPerUtf8Byte": 0.8880926136277489}, "jma": {"lossSum": 23388.550048828125, "tokens": 8180, "utf8Bytes": 23951, "tokenLoss": 2.859235947289502, "tokenPerplexity": 17.448190505111757, "nllPerUtf8Byte": 0.9765166401748622}, "mic": {"lossSum": 47990.281494140625, "tokens": 18041, "utf8Bytes": 50030, "tokenLoss": 2.660067706565081, "tokenPerplexity": 14.297257084074989, "nllPerUtf8Byte": 0.9592300918277159}}}, "seenTargetTokens": 15483532, "seenTargetUtf8Bytes": 44943646, "elapsedSeconds": 2358.81, "learningRate": 7.5e-05}
{"event": "finished", "completedUpdates": 10000, "bestStep": 10000, "bestValidationNllPerByte": 1.1372089013913107, "parameters": 2743872, "elapsedSeconds": 2363.48}
