{"step": 0, "validation": {"lossSum": 683875.3565673828, "tokens": 203967, "utf8Bytes": 601363, "tokenLoss": 3.3528725556947094, "tokenPerplexity": 28.58472704253152, "nllPerUtf8Byte": 1.1372089013913107, "sites": {"aozora": {"lossSum": 517313.4229736328, "tokens": 140962, "utf8Bytes": 420205, "tokenLoss": 3.669878569924042, "tokenPerplexity": 39.24713978777252, "nllPerUtf8Byte": 1.231097733186499}, "env": {"lossSum": 95183.10205078125, "tokens": 36784, "utf8Bytes": 107177, "tokenLoss": 2.5876223915501644, "tokenPerplexity": 13.298116272500863, "nllPerUtf8Byte": 0.8880926136277489}, "jma": {"lossSum": 23388.550048828125, "tokens": 8180, "utf8Bytes": 23951, "tokenLoss": 2.859235947289502, "tokenPerplexity": 17.448190505111757, "nllPerUtf8Byte": 0.9765166401748622}, "mic": {"lossSum": 47990.281494140625, "tokens": 18041, "utf8Bytes": 50030, "tokenLoss": 2.660067706565081, "tokenPerplexity": 14.297257084074989, "nllPerUtf8Byte": 0.9592300918277159}}}, "elapsedSeconds": 15.46}
{"event": "updates", "step": 100, "trainingLoss": 2.6311452388763428, "elapsedSeconds": 44.59}
{"event": "updates", "step": 200, "trainingLoss": 2.3455564975738525, "elapsedSeconds": 64.35}
{"event": "updates", "step": 300, "trainingLoss": 3.144247055053711, "elapsedSeconds": 84.82}
{"event": "updates", "step": 400, "trainingLoss": 2.291290283203125, "elapsedSeconds": 104.54}
{"event": "updates", "step": 500, "trainingLoss": 2.049729108810425, "elapsedSeconds": 125.32}
{"event": "updates", "step": 600, "trainingLoss": 1.623849630355835, "elapsedSeconds": 145.28}
{"event": "updates", "step": 700, "trainingLoss": 2.8092103004455566, "elapsedSeconds": 168.74}
{"event": "updates", "step": 800, "trainingLoss": 2.3936026096343994, "elapsedSeconds": 190.66}
{"event": "updates", "step": 900, "trainingLoss": 3.259106397628784, "elapsedSeconds": 210.77}
{"step": 1000, "trainingLoss": 3.127736806869507, "validation": {"lossSum": 685723.9154663086, "tokens": 203967, "utf8Bytes": 601363, "tokenLoss": 3.361935585003008, "tokenPerplexity": 28.84496876936682, "nllPerUtf8Byte": 1.140282849903151, "sites": {"aozora": {"lossSum": 518516.36083984375, "tokens": 140962, "utf8Bytes": 420205, "tokenLoss": 3.678412344034873, "tokenPerplexity": 39.583499179464944, "nllPerUtf8Byte": 1.2339604736731922}, "env": {"lossSum": 95394.0443725586, "tokens": 36784, "utf8Bytes": 107177, "tokenLoss": 2.5933570131730805, "tokenPerplexity": 13.374595016361166, "nllPerUtf8Byte": 0.8900607814415276}, "jma": {"lossSum": 23710.01708984375, "tokens": 8180, "utf8Bytes": 23951, "tokenLoss": 2.8985350965579157, "tokenPerplexity": 18.147541492147667, "nllPerUtf8Byte": 0.9899385031874974}, "mic": {"lossSum": 48103.4931640625, "tokens": 18041, "utf8Bytes": 50030, "tokenLoss": 2.6663429501725235, "tokenPerplexity": 14.387257948527695, "nllPerUtf8Byte": 0.9614929675007495}}}, "seenTargetTokens": 1516418, "seenTargetUtf8Bytes": 4399173, "elapsedSeconds": 246.3, "learningRate": 0.0001481475408609108}
{"event": "updates", "step": 1100, "trainingLoss": 2.807520866394043, "elapsedSeconds": 267.85}
{"event": "updates", "step": 1200, "trainingLoss": 2.823021411895752, "elapsedSeconds": 290.22}
{"event": "updates", "step": 1300, "trainingLoss": 2.605295181274414, "elapsedSeconds": 311.91}
{"event": "updates", "step": 1400, "trainingLoss": 2.4203293323516846, "elapsedSeconds": 333.13}
{"event": "updates", "step": 1500, "trainingLoss": 2.739875316619873, "elapsedSeconds": 355.5}
{"event": "updates", "step": 1600, "trainingLoss": 1.3323532342910767, "elapsedSeconds": 376.38}
{"event": "updates", "step": 1700, "trainingLoss": 2.8570075035095215, "elapsedSeconds": 397.2}
{"event": "updates", "step": 1800, "trainingLoss": 2.725794553756714, "elapsedSeconds": 418.02}
{"event": "updates", "step": 1900, "trainingLoss": 2.6476504802703857, "elapsedSeconds": 438.17}
{"step": 2000, "trainingLoss": 2.484504461288452, "validation": {"lossSum": 683887.327331543, "tokens": 203967, "utf8Bytes": 601363, "tokenLoss": 3.3529312454051046, "tokenPerplexity": 28.58640472111412, "nllPerUtf8Byte": 1.1372288074449923, "sites": {"aozora": {"lossSum": 518125.95666503906, "tokens": 140962, "utf8Bytes": 420205, "tokenLoss": 3.675642773691059, "tokenPerplexity": 39.474021566986714, "nllPerUtf8Byte": 1.2330313934033128}, "env": {"lossSum": 94418.8394165039, "tokens": 36784, "utf8Bytes": 107177, "tokenLoss": 2.56684535168834, "tokenPerplexity": 13.024671305884517, "nllPerUtf8Byte": 0.8809617680706113}, "jma": {"lossSum": 23836.813232421875, "tokens": 8180, "utf8Bytes": 23951, "tokenLoss": 2.9140358474843366, "tokenPerplexity": 18.431033506019073, "nllPerUtf8Byte": 0.9952324843397719}, "mic": {"lossSum": 47505.718017578125, "tokens": 18041, "utf8Bytes": 50030, "tokenLoss": 2.633208692288572, "tokenPerplexity": 13.918358057207433, "nllPerUtf8Byte": 0.9495446335714196}}}, "seenTargetTokens": 3074599, "seenTargetUtf8Bytes": 8921717, "elapsedSeconds": 472.87, "learningRate": 0.0001401308679534169}
{"event": "updates", "step": 2100, "trainingLoss": 2.2248880863189697, "elapsedSeconds": 493.0}
{"event": "updates", "step": 2200, "trainingLoss": 2.3522369861602783, "elapsedSeconds": 513.26}
{"event": "updates", "step": 2300, "trainingLoss": 2.371638774871826, "elapsedSeconds": 534.82}
{"event": "updates", "step": 2400, "trainingLoss": 2.7572789192199707, "elapsedSeconds": 555.6}
{"event": "updates", "step": 2500, "trainingLoss": 3.130099058151245, "elapsedSeconds": 576.0}
{"event": "updates", "step": 2600, "trainingLoss": 2.2863686084747314, "elapsedSeconds": 595.74}
{"event": "updates", "step": 2700, "trainingLoss": 2.715935468673706, "elapsedSeconds": 615.93}
{"event": "updates", "step": 2800, "trainingLoss": 2.070215940475464, "elapsedSeconds": 636.04}
{"event": "updates", "step": 2900, "trainingLoss": 2.040982961654663, "elapsedSeconds": 657.5}
{"step": 3000, "trainingLoss": 2.3640336990356445, "validation": {"lossSum": 680139.3990783691, "tokens": 203967, "utf8Bytes": 601363, "tokenLoss": 3.334556075631691, "tokenPerplexity": 28.065921311543214, "nllPerUtf8Byte": 1.1309964182671184, "sites": {"aozora": {"lossSum": 515391.77166748047, "tokens": 140962, "utf8Bytes": 420205, "tokenLoss": 3.656246163274361, "tokenPerplexity": 38.71573719620074, "nllPerUtf8Byte": 1.2265246050558192}, "env": {"lossSum": 93774.67672729492, "tokens": 36784, "utf8Bytes": 107177, "tokenLoss": 2.549333316857735, "tokenPerplexity": 12.798568348001236, "nllPerUtf8Byte": 0.8749514982439789}, "jma": {"lossSum": 23627.036865234375, "tokens": 8180, "utf8Bytes": 23951, "tokenLoss": 2.8883908148208284, "tokenPerplexity": 17.964378318554232, "nllPerUtf8Byte": 0.9864739203053892}, "mic": {"lossSum": 47345.913818359375, "tokens": 18041, "utf8Bytes": 50030, "tokenLoss": 2.6243508574003314, "tokenPerplexity": 13.795615956791325, "nllPerUtf8Byte": 0.9463504660875349}}}, "seenTargetTokens": 4611470, "seenTargetUtf8Bytes": 13383259, "elapsedSeconds": 693.35, "learningRate": 0.0001265683926942053}
{"event": "updates", "step": 3100, "trainingLoss": 1.7000882625579834, "elapsedSeconds": 715.5}
{"event": "updates", "step": 3200, "trainingLoss": 2.862685203552246, "elapsedSeconds": 737.87}
{"event": "updates", "step": 3300, "trainingLoss": 2.9554195404052734, "elapsedSeconds": 758.96}
{"event": "updates", "step": 3400, "trainingLoss": 2.3801426887512207, "elapsedSeconds": 779.76}
{"event": "updates", "step": 3500, "trainingLoss": 2.6800150871276855, "elapsedSeconds": 800.17}
{"event": "updates", "step": 3600, "trainingLoss": 2.8537511825561523, "elapsedSeconds": 820.64}
{"event": "updates", "step": 3700, "trainingLoss": 2.1623034477233887, "elapsedSeconds": 841.14}
{"event": "updates", "step": 3800, "trainingLoss": 2.079319477081299, "elapsedSeconds": 862.74}
{"event": "updates", "step": 3900, "trainingLoss": 2.515535354614258, "elapsedSeconds": 884.1}
{"step": 4000, "trainingLoss": 2.956085443496704, "validation": {"lossSum": 677700.5508728027, "tokens": 203967, "utf8Bytes": 601363, "tokenLoss": 3.322599003136795, "tokenPerplexity": 27.732333397676335, "nllPerUtf8Byte": 1.1269408840796702, "sites": {"aozora": {"lossSum": 513319.4494628906, "tokens": 140962, "utf8Bytes": 420205, "tokenLoss": 3.6415448806266273, "tokenPerplexity": 38.15072954546404, "nllPerUtf8Byte": 1.2215929117047408}, "env": {"lossSum": 93635.69857788086, "tokens": 36784, "utf8Bytes": 107177, "tokenLoss": 2.5455550940050253, "tokenPerplexity": 12.750303739225409, "nllPerUtf8Byte": 0.8736547820696685}, "jma": {"lossSum": 23716.963623046875, "tokens": 8180, "utf8Bytes": 23951, "tokenLoss": 2.8993843059959503, "tokenPerplexity": 18.162959101122908, "nllPerUtf8Byte": 0.9902285342176474}, "mic": {"lossSum": 47028.439208984375, "tokens": 18041, "utf8Bytes": 50030, "tokenLoss": 2.606753462057778, "tokenPerplexity": 13.554972606825087, "nllPerUtf8Byte": 0.9400047813109009}}}, "seenTargetTokens": 6162201, "seenTargetUtf8Bytes": 17883319, "elapsedSeconds": 920.99, "learningRate": 0.00010885606154896162}
{"event": "updates", "step": 4100, "trainingLoss": 2.4121651649475098, "elapsedSeconds": 946.44}
{"event": "updates", "step": 4200, "trainingLoss": 2.7111847400665283, "elapsedSeconds": 972.81}
{"event": "updates", "step": 4300, "trainingLoss": 2.377119302749634, "elapsedSeconds": 1005.32}
{"event": "updates", "step": 4400, "trainingLoss": 2.562680959701538, "elapsedSeconds": 1034.67}
{"event": "updates", "step": 4500, "trainingLoss": 2.082554340362549, "elapsedSeconds": 1064.05}
{"event": "updates", "step": 4600, "trainingLoss": 2.7104105949401855, "elapsedSeconds": 1093.45}
{"event": "updates", "step": 4700, "trainingLoss": 2.664200782775879, "elapsedSeconds": 1119.47}
{"event": "updates", "step": 4800, "trainingLoss": 2.599015951156616, "elapsedSeconds": 1144.52}
{"event": "updates", "step": 4900, "trainingLoss": 2.2843332290649414, "elapsedSeconds": 1167.67}
{"step": 5000, "trainingLoss": 3.220257043838501, "validation": {"lossSum": 676417.349822998, "tokens": 203967, "utf8Bytes": 601363, "tokenLoss": 3.316307784215084, "tokenPerplexity": 27.558410883015117, "nllPerUtf8Byte": 1.1248070629935631, "sites": {"aozora": {"lossSum": 512862.33575439453, "tokens": 140962, "utf8Bytes": 420205, "tokenLoss": 3.6383020654814384, "tokenPerplexity": 38.02721415891617, "nllPerUtf8Byte": 1.2205050766992172}, "env": {"lossSum": 92897.76553344727, "tokens": 36784, "utf8Bytes": 107177, "tokenLoss": 2.5254938433407803, "tokenPerplexity": 12.497065332451433, "nllPerUtf8Byte": 0.8667696010659681}, "jma": {"lossSum": 23940.79833984375, "tokens": 8180, "utf8Bytes": 23951, "tokenLoss": 2.926747963306082, "tokenPerplexity": 18.66682647714621, "nllPerUtf8Byte": 0.9995740612017765}, "mic": {"lossSum": 46716.4501953125, "tokens": 18041, "utf8Bytes": 50030, "tokenLoss": 2.589460129444737, "tokenPerplexity": 13.32257719419836, "nllPerUtf8Byte": 0.9337687426606536}}}, "seenTargetTokens": 7699265, "seenTargetUtf8Bytes": 22344942, "elapsedSeconds": 1203.98, "learningRate": 8.88169536819752e-05}
{"event": "updates", "step": 5100, "trainingLoss": 2.1067519187927246, "elapsedSeconds": 1225.44}
{"event": "updates", "step": 5200, "trainingLoss": 1.6863961219787598, "elapsedSeconds": 1246.34}
{"event": "updates", "step": 5300, "trainingLoss": 2.1385796070098877, "elapsedSeconds": 1266.66}
{"event": "updates", "step": 5400, "trainingLoss": 2.1944220066070557, "elapsedSeconds": 1300.54}
{"event": "updates", "step": 5500, "trainingLoss": 2.7911643981933594, "elapsedSeconds": 1327.23}
{"event": "updates", "step": 5600, "trainingLoss": 1.720829725265503, "elapsedSeconds": 1349.66}
{"event": "updates", "step": 5700, "trainingLoss": 2.0329360961914062, "elapsedSeconds": 1370.9}
{"event": "updates", "step": 5800, "trainingLoss": 2.75247859954834, "elapsedSeconds": 1392.94}
{"event": "updates", "step": 5900, "trainingLoss": 2.382016658782959, "elapsedSeconds": 1414.86}
{"step": 6000, "trainingLoss": 2.6835970878601074, "validation": {"lossSum": 674106.0489501953, "tokens": 203967, "utf8Bytes": 601363, "tokenLoss": 3.3049760449003776, "tokenPerplexity": 27.24788885509095, "nllPerUtf8Byte": 1.120963625880201, "sites": {"aozora": {"lossSum": 511534.4846801758, "tokens": 140962, "utf8Bytes": 420205, "tokenLoss": 3.628882143273902, "tokenPerplexity": 37.67068264572539, "nllPerUtf8Byte": 1.2173450689072614}, "env": {"lossSum": 92331.1411743164, "tokens": 36784, "utf8Bytes": 107177, "tokenLoss": 2.5100897448433126, "tokenPerplexity": 12.306034414084943, "nllPerUtf8Byte": 0.8614827917773068}, "jma": {"lossSum": 23835.346923828125, "tokens": 8180, "utf8Bytes": 23951, "tokenLoss": 2.9138565921550277, "tokenPerplexity": 18.4277299411381, "nllPerUtf8Byte": 0.9951712631551136}, "mic": {"lossSum": 46405.076171875, "tokens": 18041, "utf8Bytes": 50030, "tokenLoss": 2.57220088530985, "tokenPerplexity": 13.09461248998429, "nllPerUtf8Byte": 0.9275449964396362}}}, "seenTargetTokens": 9241595, "seenTargetUtf8Bytes": 26820467, "elapsedSeconds": 1450.07, "learningRate": 6.851363667532613e-05}
{"event": "updates", "step": 6100, "trainingLoss": 2.837897539138794, "elapsedSeconds": 1471.71}
{"event": "updates", "step": 6200, "trainingLoss": 2.798102617263794, "elapsedSeconds": 1492.91}
{"event": "updates", "step": 6300, "trainingLoss": 3.0448131561279297, "elapsedSeconds": 1514.38}
{"event": "updates", "step": 6400, "trainingLoss": 2.4085309505462646, "elapsedSeconds": 1535.05}
{"event": "updates", "step": 6500, "trainingLoss": 2.6398425102233887, "elapsedSeconds": 1561.59}
{"event": "updates", "step": 6600, "trainingLoss": 2.8037030696868896, "elapsedSeconds": 1583.5}
{"event": "updates", "step": 6700, "trainingLoss": 2.4100770950317383, "elapsedSeconds": 1605.35}
{"event": "updates", "step": 6800, "trainingLoss": 2.7816781997680664, "elapsedSeconds": 1625.47}
{"event": "updates", "step": 6900, "trainingLoss": 2.4854962825775146, "elapsedSeconds": 1648.23}
{"step": 7000, "trainingLoss": 2.9115452766418457, "validation": {"lossSum": 673213.6544189453, "tokens": 203967, "utf8Bytes": 601363, "tokenLoss": 3.3006008541526097, "tokenPerplexity": 27.128934557501843, "nllPerUtf8Byte": 1.1194796727084062, "sites": {"aozora": {"lossSum": 511211.78857421875, "tokens": 140962, "utf8Bytes": 420205, "tokenLoss": 3.626592901450169, "tokenPerplexity": 37.58454397722391, "nllPerUtf8Byte": 1.216577119677821}, "env": {"lossSum": 91644.57897949219, "tokens": 36784, "utf8Bytes": 107177, "tokenLoss": 2.4914250483767995, "tokenPerplexity": 12.078476275017678, "nllPerUtf8Byte": 0.8550769192969778}, "jma": {"lossSum": 24026.373046875, "tokens": 8180, "utf8Bytes": 23951, "tokenLoss": 2.937209418933374, "tokenPerplexity": 18.86313369330266, "nllPerUtf8Byte": 1.0031469686808483}, "mic": {"lossSum": 46330.913818359375, "tokens": 18041, "utf8Bytes": 50030, "tokenLoss": 2.5680901179734703, "tokenPerplexity": 13.04089407228263, "nllPerUtf8Byte": 0.9260626387839171}}}, "seenTargetTokens": 10787040, "seenTargetUtf8Bytes": 31307887, "elapsedSeconds": 1684.46, "learningRate": 5.003587239588882e-05}
{"event": "updates", "step": 7100, "trainingLoss": 2.6828815937042236, "elapsedSeconds": 1705.41}
{"event": "updates", "step": 7200, "trainingLoss": 2.651775360107422, "elapsedSeconds": 1725.97}
{"event": "updates", "step": 7300, "trainingLoss": 2.568486213684082, "elapsedSeconds": 1747.52}
{"event": "updates", "step": 7400, "trainingLoss": 2.08508038520813, "elapsedSeconds": 1768.05}
{"event": "updates", "step": 7500, "trainingLoss": 3.0434579849243164, "elapsedSeconds": 1788.56}
{"event": "updates", "step": 7600, "trainingLoss": 2.2673802375793457, "elapsedSeconds": 1808.4}
{"event": "updates", "step": 7700, "trainingLoss": 1.8460478782653809, "elapsedSeconds": 1828.41}
{"event": "updates", "step": 7800, "trainingLoss": 2.3388671875, "elapsedSeconds": 1848.27}
{"event": "updates", "step": 7900, "trainingLoss": 0.854925811290741, "elapsedSeconds": 1869.39}
{"step": 8000, "trainingLoss": 1.2662996053695679, "validation": {"lossSum": 670346.6287841797, "tokens": 203967, "utf8Bytes": 601363, "tokenLoss": 3.2865445331067265, "tokenPerplexity": 26.750269100059555, "nllPerUtf8Byte": 1.1147121269253009, "sites": {"aozora": {"lossSum": 509247.0366821289, "tokens": 140962, "utf8Bytes": 420205, "tokenLoss": 3.6126547344825477, "tokenPerplexity": 37.06431824651727, "nllPerUtf8Byte": 1.2119014211685462}, "env": {"lossSum": 91242.01373291016, "tokens": 36784, "utf8Bytes": 107177, "tokenLoss": 2.4804810170973837, "tokenPerplexity": 11.947009751889642, "nllPerUtf8Byte": 0.8513208405992905}, "jma": {"lossSum": 23994.56982421875, "tokens": 8180, "utf8Bytes": 23951, "tokenLoss": 2.93332149440327, "tokenPerplexity": 18.789937635678164, "nllPerUtf8Byte": 1.0018191233860276}, "mic": {"lossSum": 45863.008544921875, "tokens": 18041, "utf8Bytes": 50030, "tokenLoss": 2.542154456234237, "tokenPerplexity": 12.707018215648004, "nllPerUtf8Byte": 0.9167101448115506}}}, "seenTargetTokens": 12331675, "seenTargetUtf8Bytes": 35797533, "elapsedSeconds": 1904.84, "learningRate": 3.5285523833026806e-05}
{"event": "updates", "step": 8100, "trainingLoss": 1.9545412063598633, "elapsedSeconds": 1924.88}
{"event": "updates", "step": 8200, "trainingLoss": 2.141739845275879, "elapsedSeconds": 1945.08}
{"event": "updates", "step": 8300, "trainingLoss": 2.38507080078125, "elapsedSeconds": 1966.24}
{"event": "updates", "step": 8400, "trainingLoss": 2.639617681503296, "elapsedSeconds": 1990.51}
{"event": "updates", "step": 8500, "trainingLoss": 2.6382381916046143, "elapsedSeconds": 2010.71}
{"event": "updates", "step": 8600, "trainingLoss": 2.5363502502441406, "elapsedSeconds": 2030.23}
{"event": "updates", "step": 8700, "trainingLoss": 2.1546967029571533, "elapsedSeconds": 2049.37}
{"event": "updates", "step": 8800, "trainingLoss": 1.9534121751785278, "elapsedSeconds": 2069.18}
{"event": "updates", "step": 8900, "trainingLoss": 1.6822351217269897, "elapsedSeconds": 2089.53}
{"step": 9000, "trainingLoss": 2.337376832962036, "validation": {"lossSum": 670413.8577880859, "tokens": 203967, "utf8Bytes": 601363, "tokenLoss": 3.286874140366265, "tokenPerplexity": 26.75908763619647, "nllPerUtf8Byte": 1.1148239213055775, "sites": {"aozora": {"lossSum": 509059.4185180664, "tokens": 140962, "utf8Bytes": 420205, "tokenLoss": 3.6113237505006057, "tokenPerplexity": 37.01501904812911, "nllPerUtf8Byte": 1.2114549291847228}, "env": {"lossSum": 91345.92462158203, "tokens": 36784, "utf8Bytes": 107177, "tokenLoss": 2.4833059107650617, "tokenPerplexity": 11.980806497717179, "nllPerUtf8Byte": 0.8522903666046077}, "jma": {"lossSum": 24081.798828125, "tokens": 8180, "utf8Bytes": 23951, "tokenLoss": 2.943985186812347, "tokenPerplexity": 18.991379901287594, "nllPerUtf8Byte": 1.0054611009195857}, "mic": {"lossSum": 45926.7158203125, "tokens": 18041, "utf8Bytes": 50030, "tokenLoss": 2.5456857059094564, "tokenPerplexity": 12.75196918944031, "nllPerUtf8Byte": 0.9179835262904757}}}, "seenTargetTokens": 13857768, "seenTargetUtf8Bytes": 40233790, "elapsedSeconds": 2124.77, "learningRate": 2.578080182586948e-05}
{"event": "updates", "step": 9100, "trainingLoss": 2.644688606262207, "elapsedSeconds": 2145.53}
{"event": "updates", "step": 9200, "trainingLoss": 2.2292838096618652, "elapsedSeconds": 2165.63}
{"event": "updates", "step": 9300, "trainingLoss": 2.4983482360839844, "elapsedSeconds": 2186.15}
{"event": "updates", "step": 9400, "trainingLoss": 2.1684398651123047, "elapsedSeconds": 2206.12}
{"event": "updates", "step": 9500, "trainingLoss": 2.8083910942077637, "elapsedSeconds": 2226.24}
{"event": "updates", "step": 9600, "trainingLoss": 2.501585006713867, "elapsedSeconds": 2246.47}
{"event": "updates", "step": 9700, "trainingLoss": 2.313096523284912, "elapsedSeconds": 2267.89}
{"event": "updates", "step": 9800, "trainingLoss": 2.801069736480713, "elapsedSeconds": 2288.17}
{"event": "updates", "step": 9900, "trainingLoss": 3.057450294494629, "elapsedSeconds": 2309.46}
{"step": 10000, "trainingLoss": 2.5550200939178467, "validation": {"lossSum": 670722.0177001953, "tokens": 203967, "utf8Bytes": 601363, "tokenLoss": 3.2883849725700496, "tokenPerplexity": 26.79954668326072, "nllPerUtf8Byte": 1.115336357075835, "sites": {"aozora": {"lossSum": 509376.38946533203, "tokens": 140962, "utf8Bytes": 420205, "tokenLoss": 3.6135723774161264, "tokenPerplexity": 37.098345666367, "nllPerUtf8Byte": 1.212209253734087}, "env": {"lossSum": 91310.13970947266, "tokens": 36784, "utf8Bytes": 107177, "tokenLoss": 2.4823330717016274, "tokenPerplexity": 11.969156768719268, "nllPerUtf8Byte": 0.851956480489962}, "jma": {"lossSum": 24148.020751953125, "tokens": 8180, "utf8Bytes": 23951, "tokenLoss": 2.952080776522387, "tokenPerplexity": 19.145750337753825, "nllPerUtf8Byte": 1.0082259927332105}, "mic": {"lossSum": 45887.4677734375, "tokens": 18041, "utf8Bytes": 50030, "tokenLoss": 2.543510214147636, "tokenPerplexity": 12.724257539683961, "nllPerUtf8Byte": 0.9171990360471217}}}, "seenTargetTokens": 15427205, "seenTargetUtf8Bytes": 44798323, "elapsedSeconds": 2344.17, "learningRate": 2.2499999999999998e-05}
{"event": "finished", "completedUpdates": 10000, "bestStep": 8000, "bestValidationNllPerByte": 1.1147121269253009, "parameters": 2743872, "elapsedSeconds": 2348.51}
