{"step": 0, "validation": {"lossSum": 713645.1950683594, "tokens": 119527, "utf8Bytes": 601363, "tokenLoss": 5.970577317830778, "tokenPerplexity": 391.73175921063324, "nllPerUtf8Byte": 1.186712842440189, "sites": {"aozora": {"lossSum": 542269.4580078125, "tokens": 87656, "utf8Bytes": 420205, "tokenLoss": 6.18633588126098, "tokenPerplexity": 486.0618510126113, "nllPerUtf8Byte": 1.290487876174278}, "env": {"lossSum": 96409.52697753906, "tokens": 18334, "utf8Bytes": 107177, "tokenLoss": 5.258510252947478, "tokenPerplexity": 192.1949560484352, "nllPerUtf8Byte": 0.8995355997792349}, "jma": {"lossSum": 26085.6533203125, "tokens": 4396, "utf8Bytes": 23951, "tokenLoss": 5.933952074684372, "tokenPerplexity": 377.64404598868003, "nllPerUtf8Byte": 1.0891258536308506}, "mic": {"lossSum": 48880.55676269531, "tokens": 9141, "utf8Bytes": 50030, "tokenLoss": 5.347397085952884, "tokenPerplexity": 210.06081540372156, "nllPerUtf8Byte": 0.9770249203017252}}}, "elapsedSeconds": 18.83}
{"event": "updates", "step": 100, "trainingLoss": 5.0402092933654785, "elapsedSeconds": 60.02}
{"event": "updates", "step": 200, "trainingLoss": 5.715109825134277, "elapsedSeconds": 86.69}
{"event": "updates", "step": 300, "trainingLoss": 4.798837661743164, "elapsedSeconds": 114.8}
{"event": "updates", "step": 400, "trainingLoss": 4.7375006675720215, "elapsedSeconds": 142.66}
{"event": "updates", "step": 500, "trainingLoss": 3.5838043689727783, "elapsedSeconds": 171.8}
{"event": "updates", "step": 600, "trainingLoss": 4.56108283996582, "elapsedSeconds": 199.85}
{"event": "updates", "step": 700, "trainingLoss": 4.866893291473389, "elapsedSeconds": 229.89}
{"event": "updates", "step": 800, "trainingLoss": 3.671515703201294, "elapsedSeconds": 262.19}
{"event": "updates", "step": 900, "trainingLoss": 4.5431413650512695, "elapsedSeconds": 290.93}
{"step": 1000, "trainingLoss": 5.430922985076904, "validation": {"lossSum": 716750.9285888672, "tokens": 119527, "utf8Bytes": 601363, "tokenLoss": 5.996560848920053, "tokenPerplexity": 402.04372401869045, "nllPerUtf8Byte": 1.191877332973374, "sites": {"aozora": {"lossSum": 544579.0268554688, "tokens": 87656, "utf8Bytes": 420205, "tokenLoss": 6.212683978911526, "tokenPerplexity": 499.0388652102968, "nllPerUtf8Byte": 1.2959841669077445}, "env": {"lossSum": 97093.19348144531, "tokens": 18334, "utf8Bytes": 107177, "tokenLoss": 5.29579979717712, "tokenPerplexity": 199.49711940981337, "nllPerUtf8Byte": 0.9059144544206809}, "jma": {"lossSum": 26080.59228515625, "tokens": 4396, "utf8Bytes": 23951, "tokenLoss": 5.932800792801695, "tokenPerplexity": 377.2095214185599, "nllPerUtf8Byte": 1.0889145457457412}, "mic": {"lossSum": 48998.115966796875, "tokens": 9141, "utf8Bytes": 50030, "tokenLoss": 5.360257736221078, "tokenPerplexity": 212.77978043942275, "nllPerUtf8Byte": 0.979374694519226}}}, "seenTargetTokens": 808838, "seenTargetUtf8Bytes": 4263929, "elapsedSeconds": 333.05, "learningRate": 0.0001297600951016891}
{"event": "updates", "step": 1100, "trainingLoss": 4.264965534210205, "elapsedSeconds": 359.02}
{"event": "updates", "step": 1200, "trainingLoss": 3.0436301231384277, "elapsedSeconds": 384.41}
{"event": "updates", "step": 1300, "trainingLoss": 3.1515884399414062, "elapsedSeconds": 409.68}
{"event": "updates", "step": 1400, "trainingLoss": 3.694674491882324, "elapsedSeconds": 434.3}
{"event": "updates", "step": 1500, "trainingLoss": 4.873287200927734, "elapsedSeconds": 460.08}
{"event": "updates", "step": 1600, "trainingLoss": 4.947489261627197, "elapsedSeconds": 487.87}
{"event": "updates", "step": 1700, "trainingLoss": 3.697389841079712, "elapsedSeconds": 513.73}
{"event": "updates", "step": 1800, "trainingLoss": 4.8880414962768555, "elapsedSeconds": 539.14}
{"event": "updates", "step": 1900, "trainingLoss": 4.181512355804443, "elapsedSeconds": 565.28}
{"step": 2000, "trainingLoss": 3.638909339904785, "validation": {"lossSum": 711890.6998291016, "tokens": 119527, "utf8Bytes": 601363, "tokenLoss": 5.9558986658169415, "tokenPerplexity": 386.0236611170774, "nllPerUtf8Byte": 1.1837953113661823, "sites": {"aozora": {"lossSum": 541431.2834472656, "tokens": 87656, "utf8Bytes": 420205, "tokenLoss": 6.176773791266606, "tokenPerplexity": 481.43623437633886, "nllPerUtf8Byte": 1.2884931960525592}, "env": {"lossSum": 95779.24755859375, "tokens": 18334, "utf8Bytes": 107177, "tokenLoss": 5.224132625645999, "tokenPerplexity": 185.70002920826113, "nllPerUtf8Byte": 0.8936548658629533}, "jma": {"lossSum": 26103.44189453125, "tokens": 4396, "utf8Bytes": 23951, "tokenLoss": 5.937998611130857, "tokenPerplexity": 379.17529241736895, "nllPerUtf8Byte": 1.0898685605833265}, "mic": {"lossSum": 48576.72692871094, "tokens": 9141, "utf8Bytes": 50030, "tokenLoss": 5.314158946363739, "tokenPerplexity": 203.1935445725355, "nllPerUtf8Byte": 0.9709519673937825}}}, "seenTargetTokens": 1592888, "seenTargetUtf8Bytes": 8396543, "elapsedSeconds": 610.28, "learningRate": 3e-05}
{"event": "finished", "completedUpdates": 2000, "bestStep": 2000, "bestValidationNllPerByte": 1.1837953113661823, "parameters": 5231616, "elapsedSeconds": 618.55}
