{"step": 0, "validation": {"lossSum": 1174813.251707077, "tokens": 283546, "utf8Bytes": 1094664, "tokenLoss": 4.143289807322541, "tokenPerplexity": 63.00977085627066, "nllPerUtf8Byte": 1.073218130592654, "sites": {"aozora": {"lossSum": 523194.60205078125, "tokens": 110905, "utf8Bytes": 420205, "tokenLoss": 4.7175023853819145, "tokenPerplexity": 111.88844916637167, "nllPerUtf8Byte": 1.2450937091438257}, "bunka": {"lossSum": 14464.240966796875, "tokens": 3733, "utf8Bytes": 13802, "tokenLoss": 3.874696213982554, "tokenPerplexity": 48.16806328414295, "nllPerUtf8Byte": 1.0479815220110762}, "env": {"lossSum": 94443.849609375, "tokens": 28791, "utf8Bytes": 107177, "tokenLoss": 3.2803254353574034, "tokenPerplexity": 26.58442280340924, "nllPerUtf8Byte": 0.8811951221752335}, "jma": {"lossSum": 24064.735107421875, "tokens": 6220, "utf8Bytes": 23951, "tokenLoss": 3.868928473862038, "tokenPerplexity": 47.8910420741526, "nllPerUtf8Byte": 1.0047486579859661}, "mdn": {"lossSum": 430243.31298828125, "tokens": 110090, "utf8Bytes": 442950, "tokenLoss": 3.9081053046442116, "tokenPerplexity": 49.80449816969316, "nllPerUtf8Byte": 0.97131349585344}, "mic": {"lossSum": 47063.598083496094, "tokens": 14264, "utf8Bytes": 50030, "tokenLoss": 3.299467055769496, "tokenPerplexity": 27.098193245882815, "nllPerUtf8Byte": 0.9407075371476333}, "stat": {"lossSum": 41338.91290092468, "tokens": 9543, "utf8Bytes": 36549, "tokenLoss": 4.331857162414826, "tokenPerplexity": 76.08545849284393, "nllPerUtf8Byte": 1.1310545541854684}}}, "elapsedSeconds": 38.24}
{"event": "updates", "step": 100, "trainingLoss": 3.254042387008667, "elapsedSeconds": 89.91}
{"event": "updates", "step": 200, "trainingLoss": 3.981661558151245, "elapsedSeconds": 127.45}
{"event": "updates", "step": 300, "trainingLoss": 3.740006923675537, "elapsedSeconds": 167.39}
{"event": "updates", "step": 400, "trainingLoss": 3.5543112754821777, "elapsedSeconds": 209.92}
{"event": "updates", "step": 500, "trainingLoss": 4.161730766296387, "elapsedSeconds": 249.85}
{"event": "updates", "step": 600, "trainingLoss": 3.711707592010498, "elapsedSeconds": 290.02}
{"event": "updates", "step": 700, "trainingLoss": 4.033639907836914, "elapsedSeconds": 339.49}
{"event": "updates", "step": 800, "trainingLoss": 3.8298072814941406, "elapsedSeconds": 390.94}
{"event": "updates", "step": 900, "trainingLoss": 3.375253915786743, "elapsedSeconds": 429.44}
{"step": 1000, "trainingLoss": 3.7001547813415527, "validation": {"lossSum": 1140492.0334584713, "tokens": 283546, "utf8Bytes": 1094664, "tokenLoss": 4.022246949202144, "tokenPerplexity": 55.8264040988009, "nllPerUtf8Byte": 1.0418649315757815, "sites": {"aozora": {"lossSum": 517878.95556640625, "tokens": 110905, "utf8Bytes": 420205, "tokenLoss": 4.669572657377091, "tokenPerplexity": 106.65215568061609, "nllPerUtf8Byte": 1.232443582457149}, "bunka": {"lossSum": 13830.077880859375, "tokens": 3733, "utf8Bytes": 13802, "tokenLoss": 3.7048159337957074, "tokenPerplexity": 40.64256570554186, "nllPerUtf8Byte": 1.0020343342167348}, "env": {"lossSum": 91701.6943359375, "tokens": 28791, "utf8Bytes": 107177, "tokenLoss": 3.1850819469951546, "tokenPerplexity": 24.16926892365862, "nllPerUtf8Byte": 0.8556098261374875}, "jma": {"lossSum": 23506.95770263672, "tokens": 6220, "utf8Bytes": 23951, "tokenLoss": 3.7792536499415945, "tokenPerplexity": 43.783351830839145, "nllPerUtf8Byte": 0.9814603858977379}, "mdn": {"lossSum": 407854.1198730469, "tokens": 110090, "utf8Bytes": 442950, "tokenLoss": 3.7047335804618666, "tokenPerplexity": 40.639218792576784, "nllPerUtf8Byte": 0.9207678516154123}, "mic": {"lossSum": 45906.698669433594, "tokens": 14264, "utf8Bytes": 50030, "tokenLoss": 3.218360815299607, "tokenPerplexity": 24.987128075651768, "nllPerUtf8Byte": 0.917583423334671}, "stat": {"lossSum": 39813.529430150986, "tokens": 9543, "utf8Bytes": 36549, "tokenLoss": 4.172013981992139, "tokenPerplexity": 64.84591919764642, "nllPerUtf8Byte": 1.0893192544296968}}}, "seenTargetTokens": 1528761, "seenTargetUtf8Bytes": 5799130, "elapsedSeconds": 506.46, "learningRate": 0.0001481475408609108}
{"event": "updates", "step": 1100, "trainingLoss": 3.5737390518188477, "elapsedSeconds": 546.04}
{"event": "updates", "step": 1200, "trainingLoss": 3.5445995330810547, "elapsedSeconds": 584.35}
{"event": "updates", "step": 1300, "trainingLoss": 3.268056631088257, "elapsedSeconds": 624.07}
{"event": "updates", "step": 1400, "trainingLoss": 3.3480136394500732, "elapsedSeconds": 660.86}
{"event": "updates", "step": 1500, "trainingLoss": 3.204900026321411, "elapsedSeconds": 702.65}
{"event": "updates", "step": 1600, "trainingLoss": 3.4282710552215576, "elapsedSeconds": 741.69}
{"event": "updates", "step": 1700, "trainingLoss": 3.5822198390960693, "elapsedSeconds": 784.29}
{"event": "updates", "step": 1800, "trainingLoss": 3.173612356185913, "elapsedSeconds": 825.63}
{"event": "updates", "step": 1900, "trainingLoss": 3.758342742919922, "elapsedSeconds": 863.46}
{"step": 2000, "trainingLoss": 3.044682502746582, "validation": {"lossSum": 1113371.0598871708, "tokens": 283546, "utf8Bytes": 1094664, "tokenLoss": 3.9265976592410783, "tokenPerplexity": 50.73406909790183, "nllPerUtf8Byte": 1.0170893168014759, "sites": {"aozora": {"lossSum": 511836.6630859375, "tokens": 110905, "utf8Bytes": 420205, "tokenLoss": 4.6150909615070335, "tokenPerplexity": 100.99701495535538, "nllPerUtf8Byte": 1.2180641903022036}, "bunka": {"lossSum": 13395.044189453125, "tokens": 3733, "utf8Bytes": 13802, "tokenLoss": 3.5882786470541457, "tokenPerplexity": 36.171757944148986, "nllPerUtf8Byte": 0.9705147217398293}, "env": {"lossSum": 90075.70458984375, "tokens": 28791, "utf8Bytes": 107177, "tokenLoss": 3.12860632106713, "tokenPerplexity": 22.842122763259017, "nllPerUtf8Byte": 0.8404387563548499}, "jma": {"lossSum": 23324.119384765625, "tokens": 6220, "utf8Bytes": 23951, "tokenLoss": 3.7498584219880424, "tokenPerplexity": 42.51506237594019, "nllPerUtf8Byte": 0.973826536878027}, "mdn": {"lossSum": 390862.8020019531, "tokens": 110090, "utf8Bytes": 442950, "tokenLoss": 3.5503933327455095, "tokenPerplexity": 34.8270133986983, "nllPerUtf8Byte": 0.8824084027586706}, "mic": {"lossSum": 45071.88018798828, "tokens": 14264, "utf8Bytes": 50030, "tokenLoss": 3.159834561692953, "tokenPerplexity": 23.566696772125386, "nllPerUtf8Byte": 0.9008970655204533}, "stat": {"lossSum": 38804.846447229385, "tokens": 9543, "utf8Bytes": 36549, "tokenLoss": 4.066315251726856, "tokenPerplexity": 58.34159196206, "nllPerUtf8Byte": 1.061721153717732}}}, "seenTargetTokens": 3070915, "seenTargetUtf8Bytes": 11651252, "elapsedSeconds": 940.59, "learningRate": 0.0001401308679534169}
{"event": "updates", "step": 2100, "trainingLoss": 3.1663496494293213, "elapsedSeconds": 978.98}
{"event": "interrupted", "confirmedUpdates": 2150}
{"event": "suspended", "completedUpdates": 2150, "bestStep": 2000, "bestValidationNllPerByte": 1.0170893168014759, "parameters": 4655808, "elapsedSeconds": 1006.48}
