{"step": 0, "validation": {"lossSum": 1174813.251707077, "tokens": 283546, "utf8Bytes": 1094664, "tokenLoss": 4.143289807322541, "tokenPerplexity": 63.00977085627066, "nllPerUtf8Byte": 1.073218130592654, "sites": {"aozora": {"lossSum": 523194.60205078125, "tokens": 110905, "utf8Bytes": 420205, "tokenLoss": 4.7175023853819145, "tokenPerplexity": 111.88844916637167, "nllPerUtf8Byte": 1.2450937091438257}, "bunka": {"lossSum": 14464.240966796875, "tokens": 3733, "utf8Bytes": 13802, "tokenLoss": 3.874696213982554, "tokenPerplexity": 48.16806328414295, "nllPerUtf8Byte": 1.0479815220110762}, "env": {"lossSum": 94443.849609375, "tokens": 28791, "utf8Bytes": 107177, "tokenLoss": 3.2803254353574034, "tokenPerplexity": 26.58442280340924, "nllPerUtf8Byte": 0.8811951221752335}, "jma": {"lossSum": 24064.735107421875, "tokens": 6220, "utf8Bytes": 23951, "tokenLoss": 3.868928473862038, "tokenPerplexity": 47.8910420741526, "nllPerUtf8Byte": 1.0047486579859661}, "mdn": {"lossSum": 430243.31298828125, "tokens": 110090, "utf8Bytes": 442950, "tokenLoss": 3.9081053046442116, "tokenPerplexity": 49.80449816969316, "nllPerUtf8Byte": 0.97131349585344}, "mic": {"lossSum": 47063.598083496094, "tokens": 14264, "utf8Bytes": 50030, "tokenLoss": 3.299467055769496, "tokenPerplexity": 27.098193245882815, "nllPerUtf8Byte": 0.9407075371476333}, "stat": {"lossSum": 41338.91290092468, "tokens": 9543, "utf8Bytes": 36549, "tokenLoss": 4.331857162414826, "tokenPerplexity": 76.08545849284393, "nllPerUtf8Byte": 1.1310545541854684}}}, "elapsedSeconds": 38.24}
{"event": "updates", "step": 100, "trainingLoss": 3.254042387008667, "elapsedSeconds": 89.91}
{"event": "updates", "step": 200, "trainingLoss": 3.981661558151245, "elapsedSeconds": 127.45}
{"event": "updates", "step": 300, "trainingLoss": 3.740006923675537, "elapsedSeconds": 167.39}
{"event": "updates", "step": 400, "trainingLoss": 3.5543112754821777, "elapsedSeconds": 209.92}
{"event": "updates", "step": 500, "trainingLoss": 4.161730766296387, "elapsedSeconds": 249.85}
{"event": "updates", "step": 600, "trainingLoss": 3.711707592010498, "elapsedSeconds": 290.02}
{"event": "updates", "step": 700, "trainingLoss": 4.033639907836914, "elapsedSeconds": 339.49}
{"event": "updates", "step": 800, "trainingLoss": 3.8298072814941406, "elapsedSeconds": 390.94}
{"event": "updates", "step": 900, "trainingLoss": 3.375253915786743, "elapsedSeconds": 429.44}
{"step": 1000, "trainingLoss": 3.7001547813415527, "validation": {"lossSum": 1140492.0334584713, "tokens": 283546, "utf8Bytes": 1094664, "tokenLoss": 4.022246949202144, "tokenPerplexity": 55.8264040988009, "nllPerUtf8Byte": 1.0418649315757815, "sites": {"aozora": {"lossSum": 517878.95556640625, "tokens": 110905, "utf8Bytes": 420205, "tokenLoss": 4.669572657377091, "tokenPerplexity": 106.65215568061609, "nllPerUtf8Byte": 1.232443582457149}, "bunka": {"lossSum": 13830.077880859375, "tokens": 3733, "utf8Bytes": 13802, "tokenLoss": 3.7048159337957074, "tokenPerplexity": 40.64256570554186, "nllPerUtf8Byte": 1.0020343342167348}, "env": {"lossSum": 91701.6943359375, "tokens": 28791, "utf8Bytes": 107177, "tokenLoss": 3.1850819469951546, "tokenPerplexity": 24.16926892365862, "nllPerUtf8Byte": 0.8556098261374875}, "jma": {"lossSum": 23506.95770263672, "tokens": 6220, "utf8Bytes": 23951, "tokenLoss": 3.7792536499415945, "tokenPerplexity": 43.783351830839145, "nllPerUtf8Byte": 0.9814603858977379}, "mdn": {"lossSum": 407854.1198730469, "tokens": 110090, "utf8Bytes": 442950, "tokenLoss": 3.7047335804618666, "tokenPerplexity": 40.639218792576784, "nllPerUtf8Byte": 0.9207678516154123}, "mic": {"lossSum": 45906.698669433594, "tokens": 14264, "utf8Bytes": 50030, "tokenLoss": 3.218360815299607, "tokenPerplexity": 24.987128075651768, "nllPerUtf8Byte": 0.917583423334671}, "stat": {"lossSum": 39813.529430150986, "tokens": 9543, "utf8Bytes": 36549, "tokenLoss": 4.172013981992139, "tokenPerplexity": 64.84591919764642, "nllPerUtf8Byte": 1.0893192544296968}}}, "seenTargetTokens": 1528761, "seenTargetUtf8Bytes": 5799130, "elapsedSeconds": 506.46, "learningRate": 0.0001481475408609108}
{"event": "updates", "step": 1100, "trainingLoss": 3.5737390518188477, "elapsedSeconds": 546.04}
{"event": "updates", "step": 1200, "trainingLoss": 3.5445995330810547, "elapsedSeconds": 584.35}
{"event": "updates", "step": 1300, "trainingLoss": 3.268056631088257, "elapsedSeconds": 624.07}
{"event": "updates", "step": 1400, "trainingLoss": 3.3480136394500732, "elapsedSeconds": 660.86}
{"event": "updates", "step": 1500, "trainingLoss": 3.204900026321411, "elapsedSeconds": 702.65}
{"event": "updates", "step": 1600, "trainingLoss": 3.4282710552215576, "elapsedSeconds": 741.69}
{"event": "updates", "step": 1700, "trainingLoss": 3.5822198390960693, "elapsedSeconds": 784.29}
{"event": "updates", "step": 1800, "trainingLoss": 3.173612356185913, "elapsedSeconds": 825.63}
{"event": "updates", "step": 1900, "trainingLoss": 3.758342742919922, "elapsedSeconds": 863.46}
{"step": 2000, "trainingLoss": 3.044682502746582, "validation": {"lossSum": 1113371.0598871708, "tokens": 283546, "utf8Bytes": 1094664, "tokenLoss": 3.9265976592410783, "tokenPerplexity": 50.73406909790183, "nllPerUtf8Byte": 1.0170893168014759, "sites": {"aozora": {"lossSum": 511836.6630859375, "tokens": 110905, "utf8Bytes": 420205, "tokenLoss": 4.6150909615070335, "tokenPerplexity": 100.99701495535538, "nllPerUtf8Byte": 1.2180641903022036}, "bunka": {"lossSum": 13395.044189453125, "tokens": 3733, "utf8Bytes": 13802, "tokenLoss": 3.5882786470541457, "tokenPerplexity": 36.171757944148986, "nllPerUtf8Byte": 0.9705147217398293}, "env": {"lossSum": 90075.70458984375, "tokens": 28791, "utf8Bytes": 107177, "tokenLoss": 3.12860632106713, "tokenPerplexity": 22.842122763259017, "nllPerUtf8Byte": 0.8404387563548499}, "jma": {"lossSum": 23324.119384765625, "tokens": 6220, "utf8Bytes": 23951, "tokenLoss": 3.7498584219880424, "tokenPerplexity": 42.51506237594019, "nllPerUtf8Byte": 0.973826536878027}, "mdn": {"lossSum": 390862.8020019531, "tokens": 110090, "utf8Bytes": 442950, "tokenLoss": 3.5503933327455095, "tokenPerplexity": 34.8270133986983, "nllPerUtf8Byte": 0.8824084027586706}, "mic": {"lossSum": 45071.88018798828, "tokens": 14264, "utf8Bytes": 50030, "tokenLoss": 3.159834561692953, "tokenPerplexity": 23.566696772125386, "nllPerUtf8Byte": 0.9008970655204533}, "stat": {"lossSum": 38804.846447229385, "tokens": 9543, "utf8Bytes": 36549, "tokenLoss": 4.066315251726856, "tokenPerplexity": 58.34159196206, "nllPerUtf8Byte": 1.061721153717732}}}, "seenTargetTokens": 3070915, "seenTargetUtf8Bytes": 11651252, "elapsedSeconds": 940.59, "learningRate": 0.0001401308679534169}
{"event": "updates", "step": 2100, "trainingLoss": 3.1663496494293213, "elapsedSeconds": 978.98}
{"event": "interrupted", "confirmedUpdates": 2150}
{"event": "suspended", "completedUpdates": 2150, "bestStep": 2000, "bestValidationNllPerByte": 1.0170893168014759, "parameters": 4655808, "elapsedSeconds": 1006.48}
{"event": "updates", "step": 2200, "trainingLoss": 2.6530025005340576, "elapsedSeconds": 1034.11}
{"event": "updates", "step": 2300, "trainingLoss": 3.0196356773376465, "elapsedSeconds": 1071.1}
{"event": "updates", "step": 2400, "trainingLoss": 2.914170742034912, "elapsedSeconds": 1113.22}
{"event": "updates", "step": 2500, "trainingLoss": 3.617948293685913, "elapsedSeconds": 1151.41}
{"event": "updates", "step": 2600, "trainingLoss": 3.2664318084716797, "elapsedSeconds": 1190.96}
{"event": "updates", "step": 2700, "trainingLoss": 3.311896800994873, "elapsedSeconds": 1228.07}
{"event": "updates", "step": 2800, "trainingLoss": 3.846527576446533, "elapsedSeconds": 1265.14}
{"event": "updates", "step": 2900, "trainingLoss": 3.1540095806121826, "elapsedSeconds": 1299.56}
{"step": 3000, "trainingLoss": 2.950838804244995, "validation": {"lossSum": 1099401.611082077, "tokens": 283546, "utf8Bytes": 1094664, "tokenLoss": 3.8773307014808074, "tokenPerplexity": 48.295128747375536, "nllPerUtf8Byte": 1.004327913480371, "sites": {"aozora": {"lossSum": 508100.77001953125, "tokens": 110905, "utf8Bytes": 420205, "tokenLoss": 4.581405437261902, "tokenPerplexity": 97.6515409232221, "nllPerUtf8Byte": 1.2091735462917654}, "bunka": {"lossSum": 13086.4716796875, "tokens": 3733, "utf8Bytes": 13802, "tokenLoss": 3.505617915801634, "tokenPerplexity": 33.30201533752966, "nllPerUtf8Byte": 0.9481576351027025}, "env": {"lossSum": 88915.837890625, "tokens": 28791, "utf8Bytes": 107177, "tokenLoss": 3.0883205824953976, "tokenPerplexity": 21.940200261517955, "nllPerUtf8Byte": 0.8296167824311653}, "jma": {"lossSum": 23086.485229492188, "tokens": 6220, "utf8Bytes": 23951, "tokenLoss": 3.711653573873342, "tokenPerplexity": 40.92141719830399, "nllPerUtf8Byte": 0.9639048569785056}, "mdn": {"lossSum": 383992.3662109375, "tokens": 110090, "utf8Bytes": 442950, "tokenLoss": 3.487985886192547, "tokenPerplexity": 32.719979532272184, "nllPerUtf8Byte": 0.8668977677185631}, "mic": {"lossSum": 44140.85009765625, "tokens": 14264, "utf8Bytes": 50030, "tokenLoss": 3.0945632429652448, "tokenPerplexity": 22.077593887073814, "nllPerUtf8Byte": 0.8822876293754996}, "stat": {"lossSum": 38078.82995414734, "tokens": 9543, "utf8Bytes": 36549, "tokenLoss": 3.9902368179972063, "tokenPerplexity": 54.06769204985828, "nllPerUtf8Byte": 1.041856957896176}}}, "seenTargetTokens": 4588658, "seenTargetUtf8Bytes": 17421044, "elapsedSeconds": 1372.76, "learningRate": 0.0001265683926942053}
{"event": "updates", "step": 3100, "trainingLoss": 3.4051294326782227, "elapsedSeconds": 1416.63}
{"event": "updates", "step": 3200, "trainingLoss": 3.427208423614502, "elapsedSeconds": 1456.59}
{"event": "updates", "step": 3300, "trainingLoss": 3.5441782474517822, "elapsedSeconds": 1497.53}
{"event": "updates", "step": 3400, "trainingLoss": 2.818596363067627, "elapsedSeconds": 1538.09}
{"event": "updates", "step": 3500, "trainingLoss": 3.714250326156616, "elapsedSeconds": 1575.69}
{"event": "updates", "step": 3600, "trainingLoss": 3.4331178665161133, "elapsedSeconds": 1614.43}
{"event": "updates", "step": 3700, "trainingLoss": 3.5114829540252686, "elapsedSeconds": 1661.23}
{"event": "updates", "step": 3800, "trainingLoss": 3.4112181663513184, "elapsedSeconds": 1700.41}
{"event": "updates", "step": 3900, "trainingLoss": 2.7902698516845703, "elapsedSeconds": 1745.13}
{"step": 4000, "trainingLoss": 3.334282398223877, "validation": {"lossSum": 1087571.825455904, "tokens": 283546, "utf8Bytes": 1094664, "tokenLoss": 3.8356098321115586, "tokenPerplexity": 46.321667496598444, "nllPerUtf8Byte": 0.9935211402365511, "sites": {"aozora": {"lossSum": 505214.9169921875, "tokens": 110905, "utf8Bytes": 420205, "tokenLoss": 4.55538449116079, "tokenPerplexity": 95.14332997317861, "nllPerUtf8Byte": 1.2023058197598493}, "bunka": {"lossSum": 13002.884033203125, "tokens": 3733, "utf8Bytes": 13802, "tokenLoss": 3.4832263683908717, "tokenPerplexity": 32.56461822295989, "nllPerUtf8Byte": 0.9421014369803742}, "env": {"lossSum": 87854.35571289062, "tokens": 28791, "utf8Bytes": 107177, "tokenLoss": 3.0514520410159642, "tokenPerplexity": 21.14602703952653, "nllPerUtf8Byte": 0.8197127715171224}, "jma": {"lossSum": 23023.506713867188, "tokens": 6220, "utf8Bytes": 23951, "tokenLoss": 3.70152841058958, "tokenPerplexity": 40.5091717156883, "nllPerUtf8Byte": 0.9612753836527572}, "mdn": {"lossSum": 377572.390625, "tokens": 110090, "utf8Bytes": 442950, "tokenLoss": 3.4296701846216733, "tokenPerplexity": 30.86646083723505, "nllPerUtf8Byte": 0.8524040876509764}, "mic": {"lossSum": 43404.046813964844, "tokens": 14264, "utf8Bytes": 50030, "tokenLoss": 3.0429084978943384, "tokenPerplexity": 20.966134599299785, "nllPerUtf8Byte": 0.8675604000392733}, "stat": {"lossSum": 37499.724564790726, "tokens": 9543, "utf8Bytes": 36549, "tokenLoss": 3.9295530299476815, "tokenPerplexity": 50.8842288591264, "nllPerUtf8Byte": 1.0260123276913384}}}, "seenTargetTokens": 6134141, "seenTargetUtf8Bytes": 23286704, "elapsedSeconds": 1824.39, "learningRate": 0.00010885606154896162}
{"event": "updates", "step": 4100, "trainingLoss": 3.3439717292785645, "elapsedSeconds": 1865.55}
{"event": "updates", "step": 4200, "trainingLoss": 3.091754198074341, "elapsedSeconds": 1905.43}
{"event": "updates", "step": 4300, "trainingLoss": 3.806673526763916, "elapsedSeconds": 1945.35}
{"event": "updates", "step": 4400, "trainingLoss": 2.76420521736145, "elapsedSeconds": 1989.19}
{"event": "updates", "step": 4500, "trainingLoss": 3.0954675674438477, "elapsedSeconds": 2030.3}
{"event": "updates", "step": 4600, "trainingLoss": 3.150334596633911, "elapsedSeconds": 2077.66}
{"event": "updates", "step": 4700, "trainingLoss": 3.3377292156219482, "elapsedSeconds": 2117.04}
{"event": "updates", "step": 4800, "trainingLoss": 2.7913224697113037, "elapsedSeconds": 2157.95}
{"event": "updates", "step": 4900, "trainingLoss": 3.5704057216644287, "elapsedSeconds": 2194.36}
{"step": 5000, "trainingLoss": 3.5125656127929688, "validation": {"lossSum": 1080125.522814393, "tokens": 283546, "utf8Bytes": 1094664, "tokenLoss": 3.809348475430417, "tokenPerplexity": 45.12103182681448, "nllPerUtf8Byte": 0.9867187765509718, "sites": {"aozora": {"lossSum": 503815.27587890625, "tokens": 110905, "utf8Bytes": 420205, "tokenLoss": 4.5427643107065165, "tokenPerplexity": 93.95014889649761, "nllPerUtf8Byte": 1.1989749666922247}, "bunka": {"lossSum": 12821.774658203125, "tokens": 3733, "utf8Bytes": 13802, "tokenLoss": 3.434710596893417, "tokenPerplexity": 31.02243327770951, "nllPerUtf8Byte": 0.9289794709609568}, "env": {"lossSum": 87234.20532226562, "tokens": 28791, "utf8Bytes": 107177, "tokenLoss": 3.0299123101755976, "tokenPerplexity": 20.695417732271537, "nllPerUtf8Byte": 0.813926545082113}, "jma": {"lossSum": 23027.32586669922, "tokens": 6220, "utf8Bytes": 23951, "tokenLoss": 3.70214242229891, "tokenPerplexity": 40.534052459209235, "nllPerUtf8Byte": 0.9614348405786488}, "mdn": {"lossSum": 372734.775390625, "tokens": 110090, "utf8Bytes": 442950, "tokenLoss": 3.3857278171552823, "tokenPerplexity": 29.539484237640117, "nllPerUtf8Byte": 0.8414827303095722}, "mic": {"lossSum": 43217.57012939453, "tokens": 14264, "utf8Bytes": 50030, "tokenLoss": 3.0298352586507664, "tokenPerplexity": 20.69382318021037, "nllPerUtf8Byte": 0.8638331027262549}, "stat": {"lossSum": 37274.59556829929, "tokens": 9543, "utf8Bytes": 36549, "tokenLoss": 3.9059620211987105, "tokenPerplexity": 49.69786732413645, "nllPerUtf8Byte": 1.0198526790965359}}}, "seenTargetTokens": 7676993, "seenTargetUtf8Bytes": 29139986, "elapsedSeconds": 2273.77, "learningRate": 8.88169536819752e-05}
{"event": "updates", "step": 5100, "trainingLoss": 2.789443254470825, "elapsedSeconds": 2317.46}
{"event": "updates", "step": 5200, "trainingLoss": 2.9134082794189453, "elapsedSeconds": 2359.94}
{"event": "updates", "step": 5300, "trainingLoss": 1.9946036338806152, "elapsedSeconds": 2400.18}
{"event": "updates", "step": 5400, "trainingLoss": 2.8724353313446045, "elapsedSeconds": 2437.49}
{"event": "updates", "step": 5500, "trainingLoss": 3.133369207382202, "elapsedSeconds": 2477.47}
{"event": "updates", "step": 5600, "trainingLoss": 2.462400197982788, "elapsedSeconds": 2515.65}
{"event": "updates", "step": 5700, "trainingLoss": 3.5075697898864746, "elapsedSeconds": 2556.55}
{"event": "updates", "step": 5800, "trainingLoss": 2.821894407272339, "elapsedSeconds": 2595.4}
{"event": "updates", "step": 5900, "trainingLoss": 3.0124053955078125, "elapsedSeconds": 2641.67}
{"step": 6000, "trainingLoss": 1.4909160137176514, "validation": {"lossSum": 1073516.9627313614, "tokens": 283546, "utf8Bytes": 1094664, "tokenLoss": 3.786041639562404, "tokenPerplexity": 44.08156375329488, "nllPerUtf8Byte": 0.9806817093933493, "sites": {"aozora": {"lossSum": 502534.77490234375, "tokens": 110905, "utf8Bytes": 420205, "tokenLoss": 4.531218384223829, "tokenPerplexity": 92.87164552572115, "nllPerUtf8Byte": 1.1959276422278262}, "bunka": {"lossSum": 12736.40087890625, "tokens": 3733, "utf8Bytes": 13802, "tokenLoss": 3.4118405783300965, "tokenPerplexity": 30.321001108822657, "nllPerUtf8Byte": 0.9227938616799196}, "env": {"lossSum": 86875.56616210938, "tokens": 28791, "utf8Bytes": 107177, "tokenLoss": 3.0174556688586494, "tokenPerplexity": 20.43922132284562, "nllPerUtf8Byte": 0.8105803125867432}, "jma": {"lossSum": 23179.708557128906, "tokens": 6220, "utf8Bytes": 23951, "tokenLoss": 3.726641247126834, "tokenPerplexity": 41.53935317235616, "nllPerUtf8Byte": 0.9677971089778675}, "mdn": {"lossSum": 368242.3493652344, "tokens": 110090, "utf8Bytes": 442950, "tokenLoss": 3.3449209679828718, "tokenPerplexity": 28.358334361720292, "nllPerUtf8Byte": 0.8313406690715304}, "mic": {"lossSum": 42820.07238769531, "tokens": 14264, "utf8Bytes": 50030, "tokenLoss": 3.001968058587725, "tokenPerplexity": 20.125105360348144, "nllPerUtf8Byte": 0.8558879150049034}, "stat": {"lossSum": 37128.09047794342, "tokens": 9543, "utf8Bytes": 36549, "tokenLoss": 3.8906099211928558, "tokenPerplexity": 48.94072740935327, "nllPerUtf8Byte": 1.0158442222206743}}}, "seenTargetTokens": 9240302, "seenTargetUtf8Bytes": 35073247, "elapsedSeconds": 2720.23, "learningRate": 6.851363667532613e-05}
{"event": "updates", "step": 6100, "trainingLoss": 3.4122629165649414, "elapsedSeconds": 2758.04}
{"event": "updates", "step": 6200, "trainingLoss": 2.8348071575164795, "elapsedSeconds": 2799.76}
{"event": "updates", "step": 6300, "trainingLoss": 3.0077292919158936, "elapsedSeconds": 2836.33}
{"event": "updates", "step": 6400, "trainingLoss": 3.0706675052642822, "elapsedSeconds": 2876.54}
{"event": "updates", "step": 6500, "trainingLoss": 3.090465784072876, "elapsedSeconds": 2916.43}
{"event": "updates", "step": 6600, "trainingLoss": 2.9479169845581055, "elapsedSeconds": 2958.04}
{"event": "updates", "step": 6700, "trainingLoss": 3.4835922718048096, "elapsedSeconds": 2999.61}
{"event": "updates", "step": 6800, "trainingLoss": 3.3359484672546387, "elapsedSeconds": 3041.73}
{"event": "updates", "step": 6900, "trainingLoss": 3.7091569900512695, "elapsedSeconds": 3088.79}
{"step": 7000, "trainingLoss": 4.0164289474487305, "validation": {"lossSum": 1067702.6226953864, "tokens": 283546, "utf8Bytes": 1094664, "tokenLoss": 3.765535830854205, "tokenPerplexity": 43.18684050281578, "nllPerUtf8Byte": 0.9753701799779534, "sites": {"aozora": {"lossSum": 500686.60107421875, "tokens": 110905, "utf8Bytes": 420205, "tokenLoss": 4.514553907165761, "tokenPerplexity": 91.33681223563745, "nllPerUtf8Byte": 1.1915293751245672}, "bunka": {"lossSum": 12656.094482421875, "tokens": 3733, "utf8Bytes": 13802, "tokenLoss": 3.390328015650114, "tokenPerplexity": 29.675684763106766, "nllPerUtf8Byte": 0.9169754008420428}, "env": {"lossSum": 86323.79443359375, "tokens": 28791, "utf8Bytes": 107177, "tokenLoss": 2.9982909393072052, "tokenPerplexity": 20.051238838641044, "nllPerUtf8Byte": 0.8054320836895392}, "jma": {"lossSum": 23284.235229492188, "tokens": 6220, "utf8Bytes": 23951, "tokenLoss": 3.74344617837495, "tokenPerplexity": 42.243317616665514, "nllPerUtf8Byte": 0.9721612972106463}, "mdn": {"lossSum": 365054.02197265625, "tokens": 110090, "utf8Bytes": 442950, "tokenLoss": 3.3159598689495526, "tokenPerplexity": 27.54882455888608, "nllPerUtf8Byte": 0.8241427293659697}, "mic": {"lossSum": 42584.17370605469, "tokens": 14264, "utf8Bytes": 50030, "tokenLoss": 2.9854300130436546, "tokenPerplexity": 19.795012520055632, "nllPerUtf8Byte": 0.8511727704588185}, "stat": {"lossSum": 37113.70179694891, "tokens": 9543, "utf8Bytes": 36549, "tokenLoss": 3.8891021478517143, "tokenPerplexity": 48.86699148776695, "nllPerUtf8Byte": 1.0154505402869822}}}, "seenTargetTokens": 10795339, "seenTargetUtf8Bytes": 40977958, "elapsedSeconds": 3168.68, "learningRate": 5.003587239588882e-05}
{"event": "updates", "step": 7100, "trainingLoss": 3.3141000270843506, "elapsedSeconds": 3207.25}
{"event": "updates", "step": 7200, "trainingLoss": 3.263367176055908, "elapsedSeconds": 3245.4}
{"event": "updates", "step": 7300, "trainingLoss": 2.824103593826294, "elapsedSeconds": 3282.61}
{"event": "updates", "step": 7400, "trainingLoss": 3.816498279571533, "elapsedSeconds": 3319.43}
{"event": "updates", "step": 7500, "trainingLoss": 0.4207856059074402, "elapsedSeconds": 3359.51}
{"event": "updates", "step": 7600, "trainingLoss": 3.042057514190674, "elapsedSeconds": 3395.83}
{"event": "updates", "step": 7700, "trainingLoss": 2.806600570678711, "elapsedSeconds": 3434.82}
{"event": "updates", "step": 7800, "trainingLoss": 3.2448582649230957, "elapsedSeconds": 3475.33}
{"event": "updates", "step": 7900, "trainingLoss": 3.1270861625671387, "elapsedSeconds": 3514.7}
{"step": 8000, "trainingLoss": 2.911832332611084, "validation": {"lossSum": 1064086.3501919508, "tokens": 283546, "utf8Bytes": 1094664, "tokenLoss": 3.75278208894483, "tokenPerplexity": 42.63954414191672, "nllPerUtf8Byte": 0.9720666343206233, "sites": {"aozora": {"lossSum": 499803.9931640625, "tokens": 110905, "utf8Bytes": 420205, "tokenLoss": 4.506595673450814, "tokenPerplexity": 90.61281721895347, "nllPerUtf8Byte": 1.1894289529255067}, "bunka": {"lossSum": 12649.594482421875, "tokens": 3733, "utf8Bytes": 13802, "tokenLoss": 3.3885867887548553, "tokenPerplexity": 29.62405762298838, "nllPerUtf8Byte": 0.9165044546023674}, "env": {"lossSum": 85970.06323242188, "tokens": 28791, "utf8Bytes": 107177, "tokenLoss": 2.986004766504181, "tokenPerplexity": 19.806393042186645, "nllPerUtf8Byte": 0.8021316442186465}, "jma": {"lossSum": 23258.82470703125, "tokens": 6220, "utf8Bytes": 23951, "tokenLoss": 3.739360885374799, "tokenPerplexity": 42.07109331978999, "nllPerUtf8Byte": 0.9711003593599954}, "mdn": {"lossSum": 363056.5852050781, "tokens": 110090, "utf8Bytes": 442950, "tokenLoss": 3.29781619770259, "tokenPerplexity": 27.05349488044434, "nllPerUtf8Byte": 0.8196333337963159}, "mic": {"lossSum": 42420.22961425781, "tokens": 14264, "utf8Bytes": 50030, "tokenLoss": 2.973936456411793, "tokenPerplexity": 19.56879990662276, "nllPerUtf8Byte": 0.8478958547722929}, "stat": {"lossSum": 36927.05978667736, "tokens": 9543, "utf8Bytes": 36549, "tokenLoss": 3.8695441461466373, "tokenPerplexity": 47.92053633990757, "nllPerUtf8Byte": 1.0103439160217067}}}, "seenTargetTokens": 12337461, "seenTargetUtf8Bytes": 46837957, "elapsedSeconds": 3590.8, "learningRate": 3.5285523833026806e-05}
{"event": "updates", "step": 8100, "trainingLoss": 2.907972574234009, "elapsedSeconds": 3629.85}
{"event": "updates", "step": 8200, "trainingLoss": 3.2416958808898926, "elapsedSeconds": 3668.59}
{"event": "updates", "step": 8300, "trainingLoss": 3.374957323074341, "elapsedSeconds": 3707.49}
{"event": "updates", "step": 8400, "trainingLoss": 3.266347885131836, "elapsedSeconds": 3744.83}
{"event": "updates", "step": 8500, "trainingLoss": 2.9356625080108643, "elapsedSeconds": 3782.85}
{"event": "updates", "step": 8600, "trainingLoss": 2.8513174057006836, "elapsedSeconds": 3821.58}
{"event": "updates", "step": 8700, "trainingLoss": 2.710731029510498, "elapsedSeconds": 3861.34}
{"event": "updates", "step": 8800, "trainingLoss": 3.892890453338623, "elapsedSeconds": 3900.9}
{"event": "updates", "step": 8900, "trainingLoss": 2.7596850395202637, "elapsedSeconds": 3938.17}
{"step": 9000, "trainingLoss": 2.5286359786987305, "validation": {"lossSum": 1061198.0852409005, "tokens": 283546, "utf8Bytes": 1094664, "tokenLoss": 3.742595858311881, "tokenPerplexity": 42.20741254373082, "nllPerUtf8Byte": 0.9694281398135871, "sites": {"aozora": {"lossSum": 499848.25537109375, "tokens": 110905, "utf8Bytes": 420205, "tokenLoss": 4.506994773644955, "tokenPerplexity": 90.64898802930581, "nllPerUtf8Byte": 1.1895342877193127}, "bunka": {"lossSum": 12610.549560546875, "tokens": 3733, "utf8Bytes": 13802, "tokenLoss": 3.378127393663776, "tokenPerplexity": 29.315822685646882, "nllPerUtf8Byte": 0.9136755224276826}, "env": {"lossSum": 85494.87622070312, "tokens": 28791, "utf8Bytes": 107177, "tokenLoss": 2.9695000597653127, "tokenPerplexity": 19.4821772366754, "nllPerUtf8Byte": 0.7976979783041429}, "jma": {"lossSum": 23275.548217773438, "tokens": 6220, "utf8Bytes": 23951, "tokenLoss": 3.742049552696694, "tokenPerplexity": 42.184360694506324, "nllPerUtf8Byte": 0.9717985978778939}, "mdn": {"lossSum": 360773.95947265625, "tokens": 110090, "utf8Bytes": 442950, "tokenLoss": 3.277082019008595, "tokenPerplexity": 26.498338131546834, "nllPerUtf8Byte": 0.814480098143484}, "mic": {"lossSum": 42292.98016357422, "tokens": 14264, "utf8Bytes": 50030, "tokenLoss": 2.9650154349112605, "tokenPerplexity": 19.39500259930508, "nllPerUtf8Byte": 0.8453523918363826}, "stat": {"lossSum": 36901.91623455286, "tokens": 9543, "utf8Bytes": 36549, "tokenLoss": 3.8669093822228713, "tokenPerplexity": 47.79444322529103, "nllPerUtf8Byte": 1.0096559751170444}}}, "seenTargetTokens": 13886690, "seenTargetUtf8Bytes": 52708723, "elapsedSeconds": 4011.67, "learningRate": 2.578080182586948e-05}
{"event": "updates", "step": 9100, "trainingLoss": 2.9311540126800537, "elapsedSeconds": 4048.69}
{"event": "updates", "step": 9200, "trainingLoss": 3.516136646270752, "elapsedSeconds": 4086.59}
{"event": "updates", "step": 9300, "trainingLoss": 1.9628597497940063, "elapsedSeconds": 4124.96}
{"event": "updates", "step": 9400, "trainingLoss": 3.28652286529541, "elapsedSeconds": 4165.3}
{"event": "updates", "step": 9500, "trainingLoss": 3.085219621658325, "elapsedSeconds": 4205.48}
{"event": "updates", "step": 9600, "trainingLoss": 2.763329029083252, "elapsedSeconds": 4243.0}
{"event": "updates", "step": 9700, "trainingLoss": 2.8842835426330566, "elapsedSeconds": 4284.39}
{"event": "updates", "step": 9800, "trainingLoss": 3.5287294387817383, "elapsedSeconds": 4323.28}
{"event": "updates", "step": 9900, "trainingLoss": 3.3700778484344482, "elapsedSeconds": 4361.81}
{"step": 10000, "trainingLoss": 3.2124619483947754, "validation": {"lossSum": 1058005.5378597379, "tokens": 283546, "utf8Bytes": 1094664, "tokenLoss": 3.7313364951709347, "tokenPerplexity": 41.734849331422744, "nllPerUtf8Byte": 0.9665116765141979, "sites": {"aozora": {"lossSum": 498370.3818359375, "tokens": 110905, "utf8Bytes": 420205, "tokenLoss": 4.493669192876223, "tokenPerplexity": 89.44905030736922, "nllPerUtf8Byte": 1.186017257852566}, "bunka": {"lossSum": 12567.038818359375, "tokens": 3733, "utf8Bytes": 13802, "tokenLoss": 3.3664716898900013, "tokenPerplexity": 28.976109782997366, "nllPerUtf8Byte": 0.9105230269786535}, "env": {"lossSum": 85257.1455078125, "tokens": 28791, "utf8Bytes": 107177, "tokenLoss": 2.9612429407735923, "tokenPerplexity": 19.321972904358617, "nllPerUtf8Byte": 0.795479865155887}, "jma": {"lossSum": 23176.916442871094, "tokens": 6220, "utf8Bytes": 23951, "tokenLoss": 3.72619235415934, "tokenPerplexity": 41.52071063340819, "nllPerUtf8Byte": 0.9676805328742472}, "mdn": {"lossSum": 359882.6345214844, "tokens": 110090, "utf8Bytes": 442950, "tokenLoss": 3.268985689176895, "tokenPerplexity": 26.28466499732546, "nllPerUtf8Byte": 0.8124678508217279}, "mic": {"lossSum": 42109.43524169922, "tokens": 14264, "utf8Bytes": 50030, "tokenLoss": 2.952147731470781, "tokenPerplexity": 19.14703228339548, "nllPerUtf8Byte": 0.841683694617214}, "stat": {"lossSum": 36641.98549157381, "tokens": 9543, "utf8Bytes": 36549, "tokenLoss": 3.8396715384652427, "tokenPerplexity": 46.510195120521104, "nllPerUtf8Byte": 1.0025441323038609}}}, "seenTargetTokens": 15426966, "seenTargetUtf8Bytes": 58564277, "elapsedSeconds": 4444.49, "learningRate": 2.2499999999999998e-05}
{"event": "finished", "completedUpdates": 10000, "bestStep": 10000, "bestValidationNllPerByte": 0.9665116765141979, "parameters": 4655808, "elapsedSeconds": 4452.53}
