{"step": 0, "validation": {"lossSum": 1133702.8019714355, "tokens": 380854, "utf8Bytes": 1044313, "tokenLoss": 2.976738597917931, "tokenPerplexity": 19.62371135195611, "nllPerUtf8Byte": 1.085596753053381, "sites": {"aozora": {"lossSum": 510040.318359375, "tokens": 140962, "utf8Bytes": 420205, "tokenLoss": 3.6182823623343525, "tokenPerplexity": 37.273490455821545, "nllPerUtf8Byte": 1.2137892656188647}, "env": {"lossSum": 91302.51461791992, "tokens": 36784, "utf8Bytes": 107177, "tokenLoss": 2.482125777999128, "tokenPerplexity": 11.966675895040513, "nllPerUtf8Byte": 0.8518853356402952}, "jma": {"lossSum": 24007.317626953125, "tokens": 8180, "utf8Bytes": 23951, "tokenLoss": 2.934879905495492, "tokenPerplexity": 18.819242911814445, "nllPerUtf8Byte": 1.002351368500402}, "mdn": {"lossSum": 462456.1142578125, "tokens": 176887, "utf8Bytes": 442950, "tokenLoss": 2.6144154983566485, "tokenPerplexity": 13.6592302016548, "nllPerUtf8Byte": 1.0440368309240602}, "mic": {"lossSum": 45896.537109375, "tokens": 18041, "utf8Bytes": 50030, "tokenLoss": 2.544012921089463, "tokenPerplexity": 12.730655720348928, "nllPerUtf8Byte": 0.9173803139991006}}}, "elapsedSeconds": 43.12}
{"event": "updates", "step": 100, "trainingLoss": 2.7710118293762207, "elapsedSeconds": 147.93}
{"event": "updates", "step": 200, "trainingLoss": 2.0144755840301514, "elapsedSeconds": 189.83}
{"event": "updates", "step": 300, "trainingLoss": 2.835184097290039, "elapsedSeconds": 225.48}
{"event": "updates", "step": 400, "trainingLoss": 2.4641356468200684, "elapsedSeconds": 265.21}
{"event": "updates", "step": 500, "trainingLoss": 2.1313300132751465, "elapsedSeconds": 302.53}
{"event": "updates", "step": 600, "trainingLoss": 2.4418067932128906, "elapsedSeconds": 340.92}
{"event": "updates", "step": 700, "trainingLoss": 1.6030980348587036, "elapsedSeconds": 377.39}
{"event": "updates", "step": 800, "trainingLoss": 2.2919464111328125, "elapsedSeconds": 415.95}
{"event": "updates", "step": 900, "trainingLoss": 2.542762279510498, "elapsedSeconds": 452.07}
{"step": 1000, "trainingLoss": 2.2471554279327393, "validation": {"lossSum": 1107734.0188598633, "tokens": 380854, "utf8Bytes": 1044313, "tokenLoss": 2.9085529333021665, "tokenPerplexity": 18.330254265452144, "nllPerUtf8Byte": 1.0607298950217638, "sites": {"aozora": {"lossSum": 515383.07653808594, "tokens": 140962, "utf8Bytes": 420205, "tokenLoss": 3.6561844790658897, "tokenPerplexity": 38.713349120250456, "nllPerUtf8Byte": 1.2265039124667387}, "env": {"lossSum": 93298.2318725586, "tokens": 36784, "utf8Bytes": 107177, "tokenLoss": 2.5363808142822584, "tokenPerplexity": 12.633863829027682, "nllPerUtf8Byte": 0.8705060962012241}, "jma": {"lossSum": 23901.328857421875, "tokens": 8180, "utf8Bytes": 23951, "tokenLoss": 2.9219228432056084, "tokenPerplexity": 18.576973746934183, "nllPerUtf8Byte": 0.9979261349180358}, "mdn": {"lossSum": 428331.9724121094, "tokens": 176887, "utf8Bytes": 442950, "tokenLoss": 2.421500576142449, "tokenPerplexity": 11.262747250718979, "nllPerUtf8Byte": 0.9669984702835747}, "mic": {"lossSum": 46819.4091796875, "tokens": 18041, "utf8Bytes": 50030, "tokenLoss": 2.595167073869935, "tokenPerplexity": 13.398825768086665, "nllPerUtf8Byte": 0.9358266875812012}}}, "seenTargetTokens": 1515191, "seenTargetUtf8Bytes": 4258617, "elapsedSeconds": 531.39, "learningRate": 0.0001481475408609108}
{"event": "updates", "step": 1100, "trainingLoss": 1.5795631408691406, "elapsedSeconds": 568.59}
{"event": "updates", "step": 1200, "trainingLoss": 2.469620943069458, "elapsedSeconds": 607.98}
{"event": "updates", "step": 1300, "trainingLoss": 1.8131099939346313, "elapsedSeconds": 649.6}
{"event": "updates", "step": 1400, "trainingLoss": 1.078337550163269, "elapsedSeconds": 685.82}
{"event": "updates", "step": 1500, "trainingLoss": 1.254916787147522, "elapsedSeconds": 722.02}
{"event": "updates", "step": 1600, "trainingLoss": 2.580972909927368, "elapsedSeconds": 758.53}
{"event": "updates", "step": 1700, "trainingLoss": 1.6284306049346924, "elapsedSeconds": 797.56}
{"event": "updates", "step": 1800, "trainingLoss": 2.015129327774048, "elapsedSeconds": 835.82}
{"event": "updates", "step": 1900, "trainingLoss": 2.5375049114227295, "elapsedSeconds": 874.29}
{"step": 2000, "trainingLoss": 2.000436544418335, "validation": {"lossSum": 1095052.523651123, "tokens": 380854, "utf8Bytes": 1044313, "tokenLoss": 2.875255409293648, "tokenPerplexity": 17.729951937714677, "nllPerUtf8Byte": 1.048586509649045, "sites": {"aozora": {"lossSum": 515434.90771484375, "tokens": 140962, "utf8Bytes": 420205, "tokenLoss": 3.656552175159573, "tokenPerplexity": 38.72758648484663, "nllPerUtf8Byte": 1.2266272598251895}, "env": {"lossSum": 92651.24557495117, "tokens": 36784, "utf8Bytes": 107177, "tokenLoss": 2.5187920175878418, "tokenPerplexity": 12.413592201787676, "nllPerUtf8Byte": 0.8644694810915697}, "jma": {"lossSum": 24063.13232421875, "tokens": 8180, "utf8Bytes": 23951, "tokenLoss": 2.9417032181196516, "tokenPerplexity": 18.948091577007055, "nllPerUtf8Byte": 1.0046817387256795}, "mdn": {"lossSum": 416350.5729980469, "tokens": 176887, "utf8Bytes": 442950, "tokenLoss": 2.353765810930407, "tokenPerplexity": 10.525130840897912, "nllPerUtf8Byte": 0.9399493689988642}, "mic": {"lossSum": 46552.6650390625, "tokens": 18041, "utf8Bytes": 50030, "tokenLoss": 2.580381632895211, "tokenPerplexity": 13.20217558286479, "nllPerUtf8Byte": 0.9304950037789826}}}, "seenTargetTokens": 3055945, "seenTargetUtf8Bytes": 8597055, "elapsedSeconds": 952.51, "learningRate": 0.0001401308679534169}
{"event": "updates", "step": 2100, "trainingLoss": 2.2102389335632324, "elapsedSeconds": 988.75}
{"event": "updates", "step": 2200, "trainingLoss": 2.3576560020446777, "elapsedSeconds": 1024.22}
{"event": "updates", "step": 2300, "trainingLoss": 2.5329859256744385, "elapsedSeconds": 1059.69}
{"event": "updates", "step": 2400, "trainingLoss": 2.7505311965942383, "elapsedSeconds": 1096.72}
{"event": "updates", "step": 2500, "trainingLoss": 1.7098376750946045, "elapsedSeconds": 1134.3}
{"event": "updates", "step": 2600, "trainingLoss": 1.5561875104904175, "elapsedSeconds": 1168.5}
{"event": "updates", "step": 2700, "trainingLoss": 2.8558008670806885, "elapsedSeconds": 1207.28}
{"event": "updates", "step": 2800, "trainingLoss": 2.438746213912964, "elapsedSeconds": 1243.36}
{"event": "updates", "step": 2900, "trainingLoss": 1.6515434980392456, "elapsedSeconds": 1279.18}
{"step": 3000, "trainingLoss": 2.431588888168335, "validation": {"lossSum": 1083961.672302246, "tokens": 380854, "utf8Bytes": 1044313, "tokenLoss": 2.8461344040032297, "tokenPerplexity": 17.22108325823359, "nllPerUtf8Byte": 1.037966272853298, "sites": {"aozora": {"lossSum": 514160.85638427734, "tokens": 140962, "utf8Bytes": 420205, "tokenLoss": 3.6475139142767365, "tokenPerplexity": 38.37913353127874, "nllPerUtf8Byte": 1.2235952841691016}, "env": {"lossSum": 91946.65698242188, "tokens": 36784, "utf8Bytes": 107177, "tokenLoss": 2.499637260287676, "tokenPerplexity": 12.17807568773876, "nllPerUtf8Byte": 0.857895415830093}, "jma": {"lossSum": 24100.45458984375, "tokens": 8180, "utf8Bytes": 23951, "tokenLoss": 2.946265842279187, "tokenPerplexity": 19.034742124032167, "nllPerUtf8Byte": 1.0062400146066448}, "mdn": {"lossSum": 407744.08154296875, "tokens": 176887, "utf8Bytes": 442950, "tokenLoss": 2.30511050299326, "tokenPerplexity": 10.025286015331247, "nllPerUtf8Byte": 0.9205194300552404}, "mic": {"lossSum": 46009.622802734375, "tokens": 18041, "utf8Bytes": 50030, "tokenLoss": 2.550281181904239, "tokenPerplexity": 12.810705414825591, "nllPerUtf8Byte": 0.9196406716516965}}}, "seenTargetTokens": 4564314, "seenTargetUtf8Bytes": 12843207, "elapsedSeconds": 1362.37, "learningRate": 0.0001265683926942053}
{"event": "updates", "step": 3100, "trainingLoss": 2.5376455783843994, "elapsedSeconds": 1397.19}
{"event": "updates", "step": 3200, "trainingLoss": 2.8019609451293945, "elapsedSeconds": 1435.28}
{"event": "updates", "step": 3300, "trainingLoss": 3.1054415702819824, "elapsedSeconds": 1473.74}
{"event": "updates", "step": 3400, "trainingLoss": 1.981195092201233, "elapsedSeconds": 1510.99}
{"event": "updates", "step": 3500, "trainingLoss": 2.16129732131958, "elapsedSeconds": 1547.02}
{"event": "updates", "step": 3600, "trainingLoss": 2.2677834033966064, "elapsedSeconds": 1584.81}
{"event": "updates", "step": 3700, "trainingLoss": 1.6685357093811035, "elapsedSeconds": 1623.69}
{"event": "updates", "step": 3800, "trainingLoss": 2.7677574157714844, "elapsedSeconds": 1663.7}
{"event": "updates", "step": 3900, "trainingLoss": 2.0978336334228516, "elapsedSeconds": 1700.51}
{"step": 4000, "trainingLoss": 2.340625762939453, "validation": {"lossSum": 1076655.1693725586, "tokens": 380854, "utf8Bytes": 1044313, "tokenLoss": 2.826949879409324, "tokenPerplexity": 16.893853869289305, "nllPerUtf8Byte": 1.0309698044289006, "sites": {"aozora": {"lossSum": 513919.8004760742, "tokens": 140962, "utf8Bytes": 420205, "tokenLoss": 3.6458038370346206, "tokenPerplexity": 38.31355833376171, "nllPerUtf8Byte": 1.223021621532524}, "env": {"lossSum": 91311.8818359375, "tokens": 36784, "utf8Bytes": 107177, "tokenLoss": 2.4823804326864263, "tokenPerplexity": 11.969723653195043, "nllPerUtf8Byte": 0.8519727351571466}, "jma": {"lossSum": 24192.945068359375, "tokens": 8180, "utf8Bytes": 23951, "tokenLoss": 2.9575727467432, "tokenPerplexity": 19.251187492306535, "nllPerUtf8Byte": 1.0101016687553495}, "mdn": {"lossSum": 401455.10791015625, "tokens": 176887, "utf8Bytes": 442950, "tokenLoss": 2.2695568804386768, "tokenPerplexity": 9.675112632388997, "nllPerUtf8Byte": 0.9063214988376933}, "mic": {"lossSum": 45775.43408203125, "tokens": 18041, "utf8Bytes": 50030, "tokenLoss": 2.5373002650646446, "tokenPerplexity": 12.64548538691636, "nllPerUtf8Byte": 0.9149597058171347}}}, "seenTargetTokens": 6079186, "seenTargetUtf8Bytes": 17112765, "elapsedSeconds": 1781.3, "learningRate": 0.00010885606154896162}
{"event": "updates", "step": 4100, "trainingLoss": 2.2517004013061523, "elapsedSeconds": 1819.08}
{"event": "updates", "step": 4200, "trainingLoss": 0.6432957053184509, "elapsedSeconds": 1855.77}
{"event": "updates", "step": 4300, "trainingLoss": 2.486189126968384, "elapsedSeconds": 1893.57}
{"event": "updates", "step": 4400, "trainingLoss": 2.841848373413086, "elapsedSeconds": 1929.96}
{"event": "updates", "step": 4500, "trainingLoss": 1.9207143783569336, "elapsedSeconds": 1966.2}
{"event": "updates", "step": 4600, "trainingLoss": 2.161693811416626, "elapsedSeconds": 2005.83}
{"event": "updates", "step": 4700, "trainingLoss": 2.023740530014038, "elapsedSeconds": 2042.69}
{"event": "updates", "step": 4800, "trainingLoss": 2.843186616897583, "elapsedSeconds": 2080.16}
{"event": "updates", "step": 4900, "trainingLoss": 2.1836979389190674, "elapsedSeconds": 2117.47}
{"step": 5000, "trainingLoss": 2.289389133453369, "validation": {"lossSum": 1068472.846862793, "tokens": 380854, "utf8Bytes": 1044313, "tokenLoss": 2.8054657345407765, "tokenPerplexity": 16.534774928881408, "nllPerUtf8Byte": 1.0231346797969507, "sites": {"aozora": {"lossSum": 512119.22106933594, "tokens": 140962, "utf8Bytes": 420205, "tokenLoss": 3.633030327814134, "tokenPerplexity": 37.827272145625784, "nllPerUtf8Byte": 1.2187366191961921}, "env": {"lossSum": 90396.9722290039, "tokens": 36784, "utf8Bytes": 107177, "tokenLoss": 2.4575079444596537, "tokenPerplexity": 11.67567881479555, "nllPerUtf8Byte": 0.8434362991033888}, "jma": {"lossSum": 24269.033935546875, "tokens": 8180, "utf8Bytes": 23951, "tokenLoss": 2.9668745642477843, "tokenPerplexity": 19.43109395647446, "nllPerUtf8Byte": 1.0132785243015687}, "mdn": {"lossSum": 396127.0012207031, "tokens": 176887, "utf8Bytes": 442950, "tokenLoss": 2.239435352630228, "tokenPerplexity": 9.388028864778315, "nllPerUtf8Byte": 0.894292812328035}, "mic": {"lossSum": 45560.618408203125, "tokens": 18041, "utf8Bytes": 50030, "tokenLoss": 2.5253931826508023, "tokenPerplexity": 12.495807432543966, "nllPerUtf8Byte": 0.9106659685829127}}}, "seenTargetTokens": 7619296, "seenTargetUtf8Bytes": 21436469, "elapsedSeconds": 2196.52, "learningRate": 8.88169536819752e-05}
{"event": "updates", "step": 5100, "trainingLoss": 2.2402913570404053, "elapsedSeconds": 2234.09}
{"event": "updates", "step": 5200, "trainingLoss": 2.433832883834839, "elapsedSeconds": 2269.36}
{"event": "updates", "step": 5300, "trainingLoss": 2.573129177093506, "elapsedSeconds": 2306.6}
{"event": "updates", "step": 5400, "trainingLoss": 2.304002285003662, "elapsedSeconds": 2341.78}
{"event": "updates", "step": 5500, "trainingLoss": 2.8797638416290283, "elapsedSeconds": 2376.0}
{"event": "updates", "step": 5600, "trainingLoss": 2.353428363800049, "elapsedSeconds": 2412.87}
{"event": "updates", "step": 5700, "trainingLoss": 1.8215311765670776, "elapsedSeconds": 2451.03}
{"event": "updates", "step": 5800, "trainingLoss": 2.1381874084472656, "elapsedSeconds": 2488.25}
{"event": "updates", "step": 5900, "trainingLoss": 1.6899597644805908, "elapsedSeconds": 2525.14}
{"step": 6000, "trainingLoss": 2.0263893604278564, "validation": {"lossSum": 1060386.904083252, "tokens": 380854, "utf8Bytes": 1044313, "tokenLoss": 2.784234651817368, "tokenPerplexity": 16.18742411896669, "nllPerUtf8Byte": 1.015391845244914, "sites": {"aozora": {"lossSum": 511454.30645751953, "tokens": 140962, "utf8Bytes": 420205, "tokenLoss": 3.6283133501051315, "tokenPerplexity": 37.64926191133479, "nllPerUtf8Byte": 1.2171542615093098}, "env": {"lossSum": 90274.80612182617, "tokens": 36784, "utf8Bytes": 107177, "tokenLoss": 2.4541867692971446, "tokenPerplexity": 11.636966161645509, "nllPerUtf8Byte": 0.8422964453364638}, "jma": {"lossSum": 24325.7568359375, "tokens": 8180, "utf8Bytes": 23951, "tokenLoss": 2.9738089041488385, "tokenPerplexity": 19.566304021092677, "nllPerUtf8Byte": 1.0156468137421193}, "mdn": {"lossSum": 389157.96923828125, "tokens": 176887, "utf8Bytes": 442950, "tokenLoss": 2.200037138050175, "tokenPerplexity": 9.025348677062174, "nllPerUtf8Byte": 0.8785595873987612}, "mic": {"lossSum": 45174.0654296875, "tokens": 18041, "utf8Bytes": 50030, "tokenLoss": 2.5039668216666207, "tokenPerplexity": 12.230915718443404, "nllPerUtf8Byte": 0.9029395448668299}}}, "seenTargetTokens": 9155787, "seenTargetUtf8Bytes": 25750340, "elapsedSeconds": 2600.67, "learningRate": 6.851363667532613e-05}
{"event": "updates", "step": 6100, "trainingLoss": 1.3262908458709717, "elapsedSeconds": 2639.21}
{"event": "updates", "step": 6200, "trainingLoss": 2.504828453063965, "elapsedSeconds": 2677.68}
{"event": "updates", "step": 6300, "trainingLoss": 2.4269754886627197, "elapsedSeconds": 2716.31}
{"event": "updates", "step": 6400, "trainingLoss": 1.8820782899856567, "elapsedSeconds": 2753.02}
{"event": "updates", "step": 6500, "trainingLoss": 2.619107484817505, "elapsedSeconds": 2788.84}
{"event": "updates", "step": 6600, "trainingLoss": 2.323601007461548, "elapsedSeconds": 2825.63}
{"event": "updates", "step": 6700, "trainingLoss": 1.785144567489624, "elapsedSeconds": 2862.96}
{"event": "updates", "step": 6800, "trainingLoss": 2.0296897888183594, "elapsedSeconds": 2899.41}
{"event": "updates", "step": 6900, "trainingLoss": 2.228945732116699, "elapsedSeconds": 2935.81}
{"step": 7000, "trainingLoss": 1.9551020860671997, "validation": {"lossSum": 1053192.1119689941, "tokens": 380854, "utf8Bytes": 1044313, "tokenLoss": 2.7653434438629874, "tokenPerplexity": 15.884494486051597, "nllPerUtf8Byte": 1.0085023474465933, "sites": {"aozora": {"lossSum": 509671.9164428711, "tokens": 140962, "utf8Bytes": 420205, "tokenLoss": 3.6156688784415025, "tokenPerplexity": 37.176203972588056, "nllPerUtf8Byte": 1.2129125461212291}, "env": {"lossSum": 89522.6598815918, "tokens": 36784, "utf8Bytes": 107177, "tokenLoss": 2.433739122487815, "tokenPerplexity": 11.401433834958699, "nllPerUtf8Byte": 0.8352786500983588}, "jma": {"lossSum": 24566.944580078125, "tokens": 8180, "utf8Bytes": 23951, "tokenLoss": 3.0032939584447584, "tokenPerplexity": 20.151806932561797, "nllPerUtf8Byte": 1.0257168627647333}, "mdn": {"lossSum": 384448.84521484375, "tokens": 176887, "utf8Bytes": 442950, "tokenLoss": 2.173414921474409, "tokenPerplexity": 8.788244019362395, "nllPerUtf8Byte": 0.8679283106780534}, "mic": {"lossSum": 44981.745849609375, "tokens": 18041, "utf8Bytes": 50030, "tokenLoss": 2.4933066819804544, "tokenPerplexity": 12.101224937469667, "nllPerUtf8Byte": 0.8990954597163577}}}, "seenTargetTokens": 10700320, "seenTargetUtf8Bytes": 30092252, "elapsedSeconds": 3017.39, "learningRate": 5.003587239588882e-05}
{"event": "updates", "step": 7100, "trainingLoss": 2.4280049800872803, "elapsedSeconds": 3055.02}
{"event": "updates", "step": 7100, "trainingLoss": 2.4280049800872803, "elapsedSeconds": 3071.09}
{"event": "updates", "step": 7200, "trainingLoss": 0.9419463872909546, "elapsedSeconds": 3107.76}
{"event": "updates", "step": 7300, "trainingLoss": 2.3743815422058105, "elapsedSeconds": 3144.35}
{"event": "updates", "step": 7400, "trainingLoss": 2.520284414291382, "elapsedSeconds": 3183.95}
{"event": "updates", "step": 7500, "trainingLoss": 2.1026668548583984, "elapsedSeconds": 3221.51}
{"event": "updates", "step": 7600, "trainingLoss": 2.087564468383789, "elapsedSeconds": 3259.27}
{"event": "updates", "step": 7700, "trainingLoss": 1.231567144393921, "elapsedSeconds": 3297.6}
{"event": "updates", "step": 7800, "trainingLoss": 2.0310070514678955, "elapsedSeconds": 3336.53}
{"event": "updates", "step": 7900, "trainingLoss": 2.527580738067627, "elapsedSeconds": 3376.34}
{"step": 8000, "trainingLoss": 2.825672149658203, "validation": {"lossSum": 1048594.3450927734, "tokens": 380854, "utf8Bytes": 1044313, "tokenLoss": 2.753271188152871, "tokenPerplexity": 15.69388566095698, "nllPerUtf8Byte": 1.0040996761438126, "sites": {"aozora": {"lossSum": 508126.11267089844, "tokens": 140962, "utf8Bytes": 420205, "tokenLoss": 3.604702775718977, "tokenPerplexity": 36.77075307223272, "nllPerUtf8Byte": 1.2092338565007519}, "env": {"lossSum": 89440.86889648438, "tokens": 36784, "utf8Bytes": 107177, "tokenLoss": 2.4315155746108195, "tokenPerplexity": 11.37611036536741, "nllPerUtf8Byte": 0.8345155107577593}, "jma": {"lossSum": 24457.611572265625, "tokens": 8180, "utf8Bytes": 23951, "tokenLoss": 2.9899280650691473, "tokenPerplexity": 19.884252067819073, "nllPerUtf8Byte": 1.0211520008461286}, "mdn": {"lossSum": 381855.1354980469, "tokens": 176887, "utf8Bytes": 442950, "tokenLoss": 2.158751833080141, "tokenPerplexity": 8.660321382943508, "nllPerUtf8Byte": 0.8620727745751143}, "mic": {"lossSum": 44714.616455078125, "tokens": 18041, "utf8Bytes": 50030, "tokenLoss": 2.478499886651412, "tokenPerplexity": 11.92336459693374, "nllPerUtf8Byte": 0.8937560754562888}}}, "seenTargetTokens": 12247593, "seenTargetUtf8Bytes": 34436067, "elapsedSeconds": 3461.97, "learningRate": 3.5285523833026806e-05}
{"event": "updates", "step": 8100, "trainingLoss": 2.1808245182037354, "elapsedSeconds": 3500.65}
{"event": "updates", "step": 8200, "trainingLoss": 2.7684099674224854, "elapsedSeconds": 3538.18}
{"event": "updates", "step": 8300, "trainingLoss": 2.7207226753234863, "elapsedSeconds": 3575.84}
{"event": "updates", "step": 8400, "trainingLoss": 1.815548300743103, "elapsedSeconds": 3614.19}
{"event": "updates", "step": 8500, "trainingLoss": 1.5655437707901, "elapsedSeconds": 3652.13}
{"event": "updates", "step": 8600, "trainingLoss": 1.5494786500930786, "elapsedSeconds": 3689.23}
{"event": "updates", "step": 8700, "trainingLoss": 1.6323332786560059, "elapsedSeconds": 3728.04}
{"event": "updates", "step": 8800, "trainingLoss": 2.441002607345581, "elapsedSeconds": 3765.42}
{"event": "updates", "step": 8900, "trainingLoss": 1.6810358762741089, "elapsedSeconds": 3802.24}
{"step": 9000, "trainingLoss": 1.7631937265396118, "validation": {"lossSum": 1046593.8485412598, "tokens": 380854, "utf8Bytes": 1044313, "tokenLoss": 2.748018528205716, "tokenPerplexity": 15.611667138337774, "nllPerUtf8Byte": 1.002184066023558, "sites": {"aozora": {"lossSum": 508261.8442993164, "tokens": 140962, "utf8Bytes": 420205, "tokenLoss": 3.6056656708851778, "tokenPerplexity": 36.806176504412385, "nllPerUtf8Byte": 1.2095568693835543}, "env": {"lossSum": 89174.39218139648, "tokens": 36784, "utf8Bytes": 107177, "tokenLoss": 2.42427120980308, "tokenPerplexity": 11.29399546605211, "nllPerUtf8Byte": 0.8320291870587578}, "jma": {"lossSum": 24553.189208984375, "tokens": 8180, "utf8Bytes": 23951, "tokenLoss": 3.001612372736476, "tokenPerplexity": 20.11794841800359, "nllPerUtf8Byte": 1.0251425497467486}, "mdn": {"lossSum": 380062.38671875, "tokens": 176887, "utf8Bytes": 442950, "tokenLoss": 2.148616838539576, "tokenPerplexity": 8.572992360114077, "nllPerUtf8Byte": 0.8580254807963653}, "mic": {"lossSum": 44542.0361328125, "tokens": 18041, "utf8Bytes": 50030, "tokenLoss": 2.46893388020689, "tokenPerplexity": 11.809849423431807, "nllPerUtf8Byte": 0.8903065387330102}}}, "seenTargetTokens": 13771421, "seenTargetUtf8Bytes": 38723914, "elapsedSeconds": 3886.09, "learningRate": 2.578080182586948e-05}
{"event": "updates", "step": 9100, "trainingLoss": 1.8181630373001099, "elapsedSeconds": 3925.0}
{"event": "updates", "step": 9200, "trainingLoss": 2.3270256519317627, "elapsedSeconds": 3963.8}
{"event": "updates", "step": 9300, "trainingLoss": 2.1622190475463867, "elapsedSeconds": 4001.58}
{"event": "updates", "step": 9400, "trainingLoss": 2.332834005355835, "elapsedSeconds": 4039.44}
{"event": "updates", "step": 9500, "trainingLoss": 1.6036351919174194, "elapsedSeconds": 4077.91}
{"event": "updates", "step": 9600, "trainingLoss": 2.676547050476074, "elapsedSeconds": 4115.53}
{"event": "updates", "step": 9700, "trainingLoss": 2.7744390964508057, "elapsedSeconds": 4153.26}
{"event": "updates", "step": 9800, "trainingLoss": 0.6099416017532349, "elapsedSeconds": 4193.39}
{"event": "updates", "step": 9900, "trainingLoss": 1.8518842458724976, "elapsedSeconds": 4233.63}
{"step": 10000, "trainingLoss": 1.9618384838104248, "validation": {"lossSum": 1045196.0883178711, "tokens": 380854, "utf8Bytes": 1044313, "tokenLoss": 2.7443484598241614, "tokenPerplexity": 15.554476263794085, "nllPerUtf8Byte": 1.0008456165133166, "sites": {"aozora": {"lossSum": 508287.8347167969, "tokens": 140962, "utf8Bytes": 420205, "tokenLoss": 3.605850049777932, "tokenPerplexity": 36.81296341214484, "nllPerUtf8Byte": 1.2096187211403884}, "env": {"lossSum": 89074.4369506836, "tokens": 36784, "utf8Bytes": 107177, "tokenLoss": 2.4215538535962264, "tokenPerplexity": 11.263347317199903, "nllPerUtf8Byte": 0.8310965687664666}, "jma": {"lossSum": 24725.96875, "tokens": 8180, "utf8Bytes": 23951, "tokenLoss": 3.02273456601467, "tokenPerplexity": 20.547403159329594, "nllPerUtf8Byte": 1.0323564256189721}, "mdn": {"lossSum": 378714.52880859375, "tokens": 176887, "utf8Bytes": 442950, "tokenLoss": 2.140996957428153, "tokenPerplexity": 8.507915431667403, "nllPerUtf8Byte": 0.8549825687066119}, "mic": {"lossSum": 44393.319091796875, "tokens": 18041, "utf8Bytes": 50030, "tokenLoss": 2.4606905987360386, "tokenPerplexity": 11.712897659846641, "nllPerUtf8Byte": 0.8873339814470692}}}, "seenTargetTokens": 15315430, "seenTargetUtf8Bytes": 43063796, "elapsedSeconds": 4315.6, "learningRate": 2.2499999999999998e-05}
{"event": "finished", "completedUpdates": 10000, "bestStep": 10000, "bestValidationNllPerByte": 1.0008456165133166, "parameters": 4537728, "elapsedSeconds": 4323.27}
